Archive member included to satisfy reference by file (symbol)

C:\Users\79099\STM32CubeIDE\workspace_1.13.2\device_lib\Debug\libdevice_lib.a(.)
                              ./Core/Src/app.o (nDevs)
C:\Users\79099\STM32CubeIDE\workspace_1.13.2\device_lib\Debug\libdevice_lib.a(.)
                              ./Core/Src/app.o (VDevice::DeviceInit(VDeviceCfg*))
C:\Users\79099\STM32CubeIDE\workspace_1.13.2\device_lib\Debug\libdevice_lib.a(./src/device_relay.o)
                              ./Core/Src/app.o (VDeviceRelay::VDeviceRelay(unsigned char))
C:\Users\79099\STM32CubeIDE\workspace_1.13.2\device_lib\Debug\libdevice_lib.a(.)
                              C:\Users\79099\STM32CubeIDE\workspace_1.13.2\device_lib\Debug\libdevice_lib.a(.) (crc32)
C:/ST/STM32CubeIDE_1.13.2/STM32CubeIDE/plugins/com.st.stm32cube.ide.mcu.externaltools.gnu-tools-for-stm32.13.3.rel1.win32_1.0.0.202411081344/tools/bin/../lib/gcc/arm-none-eabi/13.3.1/../../../../arm-none-eabi/lib/thumb/v8-m.main+fp/hard\libstdc++_nano.a(class_type_info.o)
                              C:\Users\79099\STM32CubeIDE\workspace_1.13.2\device_lib\Debug\libdevice_lib.a(.) (vtable for __cxxabiv1::__class_type_info)
C:/ST/STM32CubeIDE_1.13.2/STM32CubeIDE/plugins/com.st.stm32cube.ide.mcu.externaltools.gnu-tools-for-stm32.13.3.rel1.win32_1.0.0.202411081344/tools/bin/../lib/gcc/arm-none-eabi/13.3.1/../../../../arm-none-eabi/lib/thumb/v8-m.main+fp/hard\libstdc++_nano.a(del_ops.o)
                              C:/ST/STM32CubeIDE_1.13.2/STM32CubeIDE/plugins/com.st.stm32cube.ide.mcu.externaltools.gnu-tools-for-stm32.13.3.rel1.win32_1.0.0.202411081344/tools/bin/../lib/gcc/arm-none-eabi/13.3.1/../../../../arm-none-eabi/lib/thumb/v8-m.main+fp/hard\libstdc++_nano.a(class_type_info.o) (operator delete(void*, unsigned int))
C:/ST/STM32CubeIDE_1.13.2/STM32CubeIDE/plugins/com.st.stm32cube.ide.mcu.externaltools.gnu-tools-for-stm32.13.3.rel1.win32_1.0.0.202411081344/tools/bin/../lib/gcc/arm-none-eabi/13.3.1/../../../../arm-none-eabi/lib/thumb/v8-m.main+fp/hard\libstdc++_nano.a(si_class_type_info.o)
                              C:\Users\79099\STM32CubeIDE\workspace_1.13.2\device_lib\Debug\libdevice_lib.a(./src/device_relay.o) (vtable for __cxxabiv1::__si_class_type_info)
C:/ST/STM32CubeIDE_1.13.2/STM32CubeIDE/plugins/com.st.stm32cube.ide.mcu.externaltools.gnu-tools-for-stm32.13.3.rel1.win32_1.0.0.202411081344/tools/bin/../lib/gcc/arm-none-eabi/13.3.1/../../../../arm-none-eabi/lib/thumb/v8-m.main+fp/hard\libstdc++_nano.a(tinfo.o)
                              C:/ST/STM32CubeIDE_1.13.2/STM32CubeIDE/plugins/com.st.stm32cube.ide.mcu.externaltools.gnu-tools-for-stm32.13.3.rel1.win32_1.0.0.202411081344/tools/bin/../lib/gcc/arm-none-eabi/13.3.1/../../../../arm-none-eabi/lib/thumb/v8-m.main+fp/hard\libstdc++_nano.a(class_type_info.o) (std::type_info::~type_info())
C:/ST/STM32CubeIDE_1.13.2/STM32CubeIDE/plugins/com.st.stm32cube.ide.mcu.externaltools.gnu-tools-for-stm32.13.3.rel1.win32_1.0.0.202411081344/tools/bin/../lib/gcc/arm-none-eabi/13.3.1/../../../../arm-none-eabi/lib/thumb/v8-m.main+fp/hard\libstdc++_nano.a(del_op.o)
                              C:/ST/STM32CubeIDE_1.13.2/STM32CubeIDE/plugins/com.st.stm32cube.ide.mcu.externaltools.gnu-tools-for-stm32.13.3.rel1.win32_1.0.0.202411081344/tools/bin/../lib/gcc/arm-none-eabi/13.3.1/../../../../arm-none-eabi/lib/thumb/v8-m.main+fp/hard\libstdc++_nano.a(del_ops.o) (operator delete(void*))
C:/ST/STM32CubeIDE_1.13.2/STM32CubeIDE/plugins/com.st.stm32cube.ide.mcu.externaltools.gnu-tools-for-stm32.13.3.rel1.win32_1.0.0.202411081344/tools/bin/../lib/gcc/arm-none-eabi/13.3.1/../../../../arm-none-eabi/lib/thumb/v8-m.main+fp/hard\libc_nano.a(libc_a-exit.o)
                              C:/ST/STM32CubeIDE_1.13.2/STM32CubeIDE/plugins/com.st.stm32cube.ide.mcu.externaltools.gnu-tools-for-stm32.13.3.rel1.win32_1.0.0.202411081344/tools/bin/../lib/gcc/arm-none-eabi/13.3.1/../../../../arm-none-eabi/lib/thumb/v8-m.main+fp/hard/crt0.o (exit)
C:/ST/STM32CubeIDE_1.13.2/STM32CubeIDE/plugins/com.st.stm32cube.ide.mcu.externaltools.gnu-tools-for-stm32.13.3.rel1.win32_1.0.0.202411081344/tools/bin/../lib/gcc/arm-none-eabi/13.3.1/../../../../arm-none-eabi/lib/thumb/v8-m.main+fp/hard\libc_nano.a(libc_a-malloc.o)
                              C:/ST/STM32CubeIDE_1.13.2/STM32CubeIDE/plugins/com.st.stm32cube.ide.mcu.externaltools.gnu-tools-for-stm32.13.3.rel1.win32_1.0.0.202411081344/tools/bin/../lib/gcc/arm-none-eabi/13.3.1/../../../../arm-none-eabi/lib/thumb/v8-m.main+fp/hard\libstdc++_nano.a(del_op.o) (free)
C:/ST/STM32CubeIDE_1.13.2/STM32CubeIDE/plugins/com.st.stm32cube.ide.mcu.externaltools.gnu-tools-for-stm32.13.3.rel1.win32_1.0.0.202411081344/tools/bin/../lib/gcc/arm-none-eabi/13.3.1/../../../../arm-none-eabi/lib/thumb/v8-m.main+fp/hard\libc_nano.a(libc_a-mallocr.o)
[...]
Memory Configuration

Name             Origin             Length             Attributes
RAM              0x20000000         0x00044000         xrw
FLASH            0x08000000         0x0007e000         xr
FLASH_CFG        0x0807e000         0x00002000         r
*default*        0x00000000         0xffffffff

Linker script and memory map

LOAD C:/ST/STM32CubeIDE_1.13.2/STM32CubeIDE/plugins/com.st.stm32cube.ide.mcu.externaltools.gnu-tools-for-stm32.13.3.rel1.win32_1.0.0.202411081344/tools/bin/../lib/gcc/arm-none-eabi/13.3.1/thumb/v8-m.main+fp/hard/crti.o
LOAD C:/ST/STM32CubeIDE_1.13.2/STM32CubeIDE/plugins/com.st.stm32cube.ide.mcu.externaltools.gnu-tools-for-stm32.13.3.rel1.win32_1.0.0.202411081344/tools/bin/../lib/gcc/arm-none-eabi/13.3.1/thumb/v8-m.main+fp/hard/crtbegin.o
LOAD C:/ST/STM32CubeIDE_1.13.2/STM32CubeIDE/plugins/com.st.stm32cube.ide.mcu.externaltools.gnu-tools-for-stm32.13.3.rel1.win32_1.0.0.202411081344/tools/bin/../lib/gcc/arm-none-eabi/13.3.1/../../../../arm-none-eabi/lib/thumb/v8-m.main+fp/hard/crt0.o
LOAD ./Core/Src/adc.o
LOAD ./Core/Src/app.o
LOAD ./Core/Src/main.o
LOAD ./Core/Src/stm32h5xx_hal_msp.o
LOAD ./Core/Src/stm32h5xx_it.o
LOAD ./Core/Src/syscalls.o
LOAD ./Core/Src/sysmem.o
LOAD ./Core/Src/system_stm32h5xx.o
LOAD ./Core/Startup/startup_stm32h523retx.o
LOAD ./Drivers/STM32H5xx_HAL_Driver/Src/stm32h5xx_hal.o
LOAD ./Drivers/STM32H5xx_HAL_Driver/Src/stm32h5xx_hal_adc.o
LOAD ./Drivers/STM32H5xx_HAL_Driver/Src/stm32h5xx_hal_adc_ex.o
LOAD ./Drivers/STM32H5xx_HAL_Driver/Src/stm32h5xx_hal_cortex.o
LOAD ./Drivers/STM32H5xx_HAL_Driver/Src/stm32h5xx_hal_dma.o
LOAD ./Drivers/STM32H5xx_HAL_Driver/Src/stm32h5xx_hal_dma_ex.o
LOAD ./Drivers/STM32H5xx_HAL_Driver/Src/stm32h5xx_hal_exti.o
LOAD ./Drivers/STM32H5xx_HAL_Driver/Src/stm32h5xx_hal_fdcan.o
LOAD ./Drivers/STM32H5xx_HAL_Driver/Src/stm32h5xx_hal_flash.o
LOAD ./Drivers/STM32H5xx_HAL_Driver/Src/stm32h5xx_hal_flash_ex.o
LOAD ./Drivers/STM32H5xx_HAL_Driver/Src/stm32h5xx_hal_gpio.o
LOAD ./Drivers/STM32H5xx_HAL_Driver/Src/stm32h5xx_hal_pwr.o
LOAD ./Drivers/STM32H5xx_HAL_Driver/Src/stm32h5xx_hal_pwr_ex.o
LOAD ./Drivers/STM32H5xx_HAL_Driver/Src/stm32h5xx_hal_rcc.o
LOAD ./Drivers/STM32H5xx_HAL_Driver/Src/stm32h5xx_hal_rcc_ex.o
LOAD C:\Users\79099\STM32CubeIDE\workspace_1.13.2\device_lib\Debug\libdevice_lib.a
START GROUP
LOAD C:/ST/STM32CubeIDE_1.13.2/STM32CubeIDE/plugins/com.st.stm32cube.ide.mcu.externaltools.gnu-tools-for-stm32.13.3.rel1.win32_1.0.0.202411081344/tools/bin/../lib/gcc/arm-none-eabi/13.3.1/../../../../arm-none-eabi/lib/thumb/v8-m.main+fp/hard\libstdc++_nano.a
LOAD C:/ST/STM32CubeIDE_1.13.2/STM32CubeIDE/plugins/com.st.stm32cube.ide.mcu.externaltools.gnu-tools-for-stm32.13.3.rel1.win32_1.0.0.202411081344/tools/bin/../lib/gcc/arm-none-eabi/13.3.1/../../../../arm-none-eabi/lib/thumb/v8-m.main+fp/hard\libsupc++_nano.a
END GROUP
LOAD C:/ST/STM32CubeIDE_1.13.2/STM32CubeIDE/plugins/com.st.stm32cube.ide.mcu.externaltools.gnu-tools-for-stm32.13.3.rel1.win32_1.0.0.202411081344/tools/bin/../lib/gcc/arm-none-eabi/13.3.1/../../../../arm-none-eabi/lib/thumb/v8-m.main+fp/hard\libstdc++_nano.a
LOAD C:/ST/STM32CubeIDE_1.13.2/STM32CubeIDE/plugins/com.st.stm32cube.ide.mcu.externaltools.gnu-tools-for-stm32.13.3.rel1.win32_1.0.0.202411081344/tools/bin/../lib/gcc/arm-none-eabi/13.3.1/../../../../arm-none-eabi/lib/thumb/v8-m.main+fp/hard\libm.a
LOAD C:/ST/STM32CubeIDE_1.13.2/STM32CubeIDE/plugins/com.st.stm32cube.ide.mcu.externaltools.gnu-tools-for-stm32.13.3.rel1.win32_1.0.0.202411081344/tools/bin/../lib/gcc/arm-none-eabi/13.3.1/../../../../arm-none-eabi/lib/thumb/v8-m.main+fp/hard\libc_nano.a
START GROUP
LOAD C:/ST/STM32CubeIDE_1.13.2/STM32CubeIDE/plugins/com.st.stm32cube.ide.mcu.externaltools.gnu-tools-for-stm32.13.3.rel1.win32_1.0.0.202411081344/tools/bin/../lib/gcc/arm-none-eabi/13.3.1/thumb/v8-m.main+fp/hard\libgcc.a
LOAD C:/ST/STM32CubeIDE_1.13.2/STM32CubeIDE/plugins/com.st.stm32cube.ide.mcu.externaltools.gnu-tools-for-stm32.13.3.rel1.win32_1.0.0.202411081344/tools/bin/../lib/gcc/arm-none-eabi/13.3.1/../../../../arm-none-eabi/lib/thumb/v8-m.main+fp/hard\libc_nano.a
END GROUP
START GROUP
LOAD C:/ST/STM32CubeIDE_1.13.2/STM32CubeIDE/plugins/com.st.stm32cube.ide.mcu.externaltools.gnu-tools-for-stm32.13.3.rel1.win32_1.0.0.202411081344/tools/bin/../lib/gcc/arm-none-eabi/13.3.1/thumb/v8-m.main+fp/hard\libgcc.a
LOAD C:/ST/STM32CubeIDE_1.13.2/STM32CubeIDE/plugins/com.st.stm32cube.ide.mcu.externaltools.gnu-tools-for-stm32.13.3.rel1.win32_1.0.0.202411081344/tools/bin/../lib/gcc/arm-none-eabi/13.3.1/../../../../arm-none-eabi/lib/thumb/v8-m.main+fp/hard\libc_nano.a
LOAD C:/ST/STM32CubeIDE_1.13.2/STM32CubeIDE/plugins/com.st.stm32cube.ide.mcu.externaltools.gnu-tools-for-stm32.13.3.rel1.win32_1.0.0.202411081344/tools/bin/../lib/gcc/arm-none-eabi/13.3.1/../../../../arm-none-eabi/lib/thumb/v8-m.main+fp/hard\libnosys.a
END GROUP
START GROUP
LOAD C:/ST/STM32CubeIDE_1.13.2/STM32CubeIDE/plugins/com.st.stm32cube.ide.mcu.externaltools.gnu-tools-for-stm32.13.3.rel1.win32_1.0.0.202411081344/tools/bin/../lib/gcc/arm-none-eabi/13.3.1/thumb/v8-m.main+fp/hard\libgcc.a
LOAD C:/ST/STM32CubeIDE_1.13.2/STM32CubeIDE/plugins/com.st.stm32cube.ide.mcu.externaltools.gnu-tools-for-stm32.13.3.rel1.win32_1.0.0.202411081344/tools/bin/../lib/gcc/arm-none-eabi/13.3.1/../../../../arm-none-eabi/lib/thumb/v8-m.main+fp/hard\libc_nano.a
LOAD C:/ST/STM32CubeIDE_1.13.2/STM32CubeIDE/plugins/com.st.stm32cube.ide.mcu.externaltools.gnu-tools-for-stm32.13.3.rel1.win32_1.0.0.202411081344/tools/bin/../lib/gcc/arm-none-eabi/13.3.1/../../../../arm-none-eabi/lib/thumb/v8-m.main+fp/hard\libnosys.a
END GROUP
LOAD C:/ST/STM32CubeIDE_1.13.2/STM32CubeIDE/plugins/com.st.stm32cube.ide.mcu.externaltools.gnu-tools-for-stm32.13.3.rel1.win32_1.0.0.202411081344/tools/bin/../lib/gcc/arm-none-eabi/13.3.1/thumb/v8-m.main+fp/hard/crtend.o
LOAD C:/ST/STM32CubeIDE_1.13.2/STM32CubeIDE/plugins/com.st.stm32cube.ide.mcu.externaltools.gnu-tools-for-stm32.13.3.rel1.win32_1.0.0.202411081344/tools/bin/../lib/gcc/arm-none-eabi/13.3.1/thumb/v8-m.main+fp/hard/crtn.o
                0x20044000                        _estack = (ORIGIN (RAM) + LENGTH (RAM))
                0x00000200                        _Min_Heap_Size = 0x200
                0x00000400                        _Min_Stack_Size = 0x400

.isr_vector     0x08000000      0x254
                0x08000000                        . = ALIGN (0x4)
 *(.isr_vector)
 .isr_vector    0x08000000      0x254 ./Core/Startup/startup_stm32h523retx.o
                0x08000000                g_pfnVectors
                0x08000254                        . = ALIGN (0x4)

.text           0x08000254     0xab88
                0x08000254                        . = ALIGN (0x4)
 *(.text)
 .text          0x08000254       0x40 C:/ST/STM32CubeIDE_1.13.2/STM32CubeIDE/plugins/com.st.stm32cube.ide.mcu.externaltools.gnu-tools-for-stm32.13.3.rel1.win32_1.0.0.202411081344/tools/bin/../lib/gcc/arm-none-eabi/13.3.1/thumb/v8-m.main+fp/hard/crtbegin.o
 .text          0x08000294      0xc60 C:\Users\79099\STM32CubeIDE\workspace_1.13.2\device_lib\Debug\libdevice_lib.a(.)
                0x08000294                GetRetranslate
                0x080002ac                CanSendOverError
                0x080002ba                BackendGetSendOverflowCount
                0x080002d0                BackendGetDeviceCount
                0x080002e8                SendMessageFull
                0x080003e0                BackendProcess
                0x08000458                ProtocolParse
                0x080005e4                SendAllMessage
                0x08000664                SendMessage
                0x08000720                FireServiceCmd
                0x08000788                ConfigServiceCmd
                0x080009fc                ServiceCommandParse
                0x08000b54                SetConfigPtr
                0x08000b80                SetStatusFire
                0x08000ba0                SetReplyStatusFire
                0x08000bd8                SetStartExtinguishment
                0x08000c18                SetStopExtinguishment
                0x08000c50                BSU_Checksum
                0x08000c92                BSU_PacketBuildCan
                0x08000dea                BSU_PacketParse
 .text          0x08000ef4       0xe8 C:\Users\79099\STM32CubeIDE\workspace_1.13.2\device_lib\Debug\libdevice_lib.a(.)
                0x08000ef4                VDevice::VDevice(unsigned char)
                0x08000ef4                VDevice::VDevice(unsigned char)
                0x08000f2c                VDevice::SetStatus()
                0x08000f40                VDevice::SetDefaultCfg()
                0x08000f54                VDevice::Process()
                0x08000f68                VDevice::CommandCB(unsigned char, unsigned char*)
                0x08000f82                VDevice::Init()
                0x08000f96                VDevice::DeviceInit(VDeviceCfg*)
                0x08000fb2                VDevice::Timer1ms()
                0x08000fc6                VDevice::Timer1us()
 .text          0x08000fdc      0x35c C:\Users\79099\STM32CubeIDE\workspace_1.13.2\device_lib\Debug\libdevice_lib.a(./src/device_relay.o)
                0x08000fdc                VDeviceRelay::VDeviceRelay(unsigned char)
                0x08000fdc                VDeviceRelay::VDeviceRelay(unsigned char)
                0x08001054                VDeviceRelay::Init()
                0x08001116                VDeviceRelay::ApplyOutput(unsigned char)
                0x08001146                VDeviceRelay::ReadFeedbackState() const
                0x08001190                VDeviceRelay::Process()
                0x0800120e                VDeviceRelay::CommandCB(unsigned char, unsigned char*)
                0x08001276                VDeviceRelay::UpdateStatus(DeviceRelayStatus)
                0x0800129a                VDeviceRelay::SetStatus()
                0x080012f8                VDeviceRelay::Timer1ms()
 .text          0x08001338       0xd8 C:\Users\79099\STM32CubeIDE\workspace_1.13.2\device_lib\Debug\libdevice_lib.a(.)
                0x08001338                crc32
                0x0800138c                CRC16
 .text          0x08001410       0x14 C:/ST/STM32CubeIDE_1.13.2/STM32CubeIDE/plugins/com.st.stm32cube.ide.mcu.externaltools.gnu-tools-for-stm32.13.3.rel1.win32_1.0.0.202411081344/tools/bin/../lib/gcc/arm-none-eabi/13.3.1/../../../../arm-none-eabi/lib/thumb/v8-m.main+fp/hard\libc_nano.a(libc_a-strcmp.o)
                0x08001410                strcmp
 .text          0x08001424      0xa60 C:/ST/STM32CubeIDE_1.13.2/STM32CubeIDE/plugins/com.st.stm32cube.ide.mcu.externaltools.gnu-tools-for-stm32.13.3.rel1.win32_1.0.0.202411081344/tools/bin/../lib/gcc/arm-none-eabi/13.3.1/thumb/v8-m.main+fp/hard\libgcc.a(unwind-arm.o)
                0x080016e4                _Unwind_GetCFA
                0x080016e8                __gnu_Unwind_RaiseException
                0x08001750                __gnu_Unwind_ForcedUnwind
                0x08001764                __gnu_Unwind_Resume
                0x080017a8                __gnu_Unwind_Resume_or_Rethrow
                0x080017bc                _Unwind_Complete
                0x080017c0                _Unwind_DeleteException
                0x080017cc                _Unwind_VRS_Get
                0x08001818                _Unwind_VRS_Set
                0x08001864                __gnu_Unwind_Backtrace
                0x08001b90                __aeabi_unwind_cpp_pr0
                0x08001b94                __aeabi_unwind_cpp_pr1
                0x08001b98                __aeabi_unwind_cpp_pr2
                0x08001b9c                _Unwind_VRS_Pop
 .text          0x08001e84      0x1ac C:/ST/STM32CubeIDE_1.13.2/STM32CubeIDE/plugins/com.st.stm32cube.ide.mcu.externaltools.gnu-tools-for-stm32.13.3.rel1.win32_1.0.0.202411081344/tools/bin/../lib/gcc/arm-none-eabi/13.3.1/thumb/v8-m.main+fp/hard\libgcc.a(libunwind.o)
                0x08001e84                __restore_core_regs
                0x08001e84                restore_core_regs
                0x08001e9c                __gnu_Unwind_Restore_VFP
                0x08001ea4                __gnu_Unwind_Save_VFP
                0x08001eac                __gnu_Unwind_Restore_VFP_D
                0x08001eb4                __gnu_Unwind_Save_VFP_D
                0x08001ebc                __gnu_Unwind_Restore_VFP_D_16_to_31
                0x08001ec4                __gnu_Unwind_Save_VFP_D_16_to_31
                0x08001ecc                __gnu_Unwind_Restore_WMMXD
                0x08001f10                __gnu_Unwind_Save_WMMXD
                0x08001f54                __gnu_Unwind_Restore_WMMXC
                0x08001f68                __gnu_Unwind_Save_WMMXC
                0x08001f7c                ___Unwind_RaiseException
                0x08001f7c                _Unwind_RaiseException
                0x08001fa0                _Unwind_Resume
                0x08001fa0                ___Unwind_Resume
                0x08001fc4                _Unwind_Resume_or_Rethrow
                0x08001fc4                ___Unwind_Resume_or_Rethrow
                0x08001fe8                _Unwind_ForcedUnwind
                0x08001fe8                ___Unwind_ForcedUnwind
                0x0800200c                ___Unwind_Backtrace
                0x0800200c                _Unwind_Backtrace
 .text          0x08002030      0x3a4 C:/ST/STM32CubeIDE_1.13.2/STM32CubeIDE/plugins/com.st.stm32cube.ide.mcu.externaltools.gnu-tools-for-stm32.13.3.rel1.win32_1.0.0.202411081344/tools/bin/../lib/gcc/arm-none-eabi/13.3.1/thumb/v8-m.main+fp/hard\libgcc.a(pr-support.o)
                0x08002088                __gnu_unwind_execute
                0x08002388                __gnu_unwind_frame
                0x080023b4                _Unwind_GetRegionStart
                0x080023c0                _Unwind_GetLanguageSpecificData
 *(.text*)
 .text.ADC_GetU24Filtered
                0x080023d4       0x18 ./Core/Src/adc.o
                0x080023d4                ADC_GetU24Filtered
 .text.SmaProcess
                0x080023ec       0x94 ./Core/Src/adc.o
 .text.HAL_ADC_ConvCpltCallback
                0x08002480       0x38 ./Core/Src/adc.o
                0x08002480                HAL_ADC_ConvCpltCallback
 .text._ZN12VDeviceRelay5GetDTEv
                0x080024b8       0x16 ./Core/Src/app.o
                0x080024b8                VDeviceRelay::GetDT()
 *fill*         0x080024ce        0x2 
 .text.__NVIC_SystemReset
                0x080024d0       0x2c ./Core/Src/app.o
 .text.RcvSetSystemTime
                0x080024fc       0x14 ./Core/Src/app.o
                0x080024fc                RcvSetSystemTime
 .text.RcvStatusFire
                0x08002510        0xe ./Core/Src/app.o
                0x08002510                RcvStatusFire
 .text.RcvReplyStatusFire
                0x0800251e        0xe ./Core/Src/app.o
                0x0800251e                RcvReplyStatusFire
 .text.RcvStartExtinguishment
                0x0800252c        0xe ./Core/Src/app.o
                0x0800252c                RcvStartExtinguishment
 .text.RcvStopExtinguishment
                0x0800253a        0xe ./Core/Src/app.o
                0x0800253a                RcvStopExtinguishment
 .text._ZL16Relay1_SetOutputh
                0x08002548       0x2c ./Core/Src/app.o
 .text._ZL16Relay2_SetOutputh
                0x08002574       0x2c ./Core/Src/app.o
 .text._ZL18Relay1_GetFeedbackv
                0x080025a0       0x58 ./Core/Src/app.o
 .text._ZL18Relay2_GetFeedbackv
                0x080025f8       0x5c ./Core/Src/app.o
 .text._ZL16VDeviceSetStatushhPKh
                0x08002654       0x5a ./Core/Src/app.o
 *fill*         0x080026ae        0x2 
 .text.SetHAdr  0x080026b0       0x50 ./Core/Src/app.o
                0x080026b0                SetHAdr
 .text.DefaultConfig
                0x08002700       0xd8 ./Core/Src/app.o
                0x08002700                DefaultConfig
 .text.GetConfigSize
                0x080027d8       0x12 ./Core/Src/app.o
                0x080027d8                GetConfigSize
 *fill*         0x080027ea        0x2 
 .text.GetConfigWord
                0x080027ec       0x80 ./Core/Src/app.o
                0x080027ec                GetConfigWord
 .text.SetConfigWord
                0x0800286c       0x70 ./Core/Src/app.o
                0x0800286c                SetConfigWord
 .text.FlashReadConfig
                0x080028dc       0x6c ./Core/Src/app.o
 .text.FlashWriteData
                0x08002948      0x22c ./Core/Src/app.o
                0x08002948                FlashWriteData
 .text.SaveConfig
                0x08002b74       0x38 ./Core/Src/app.o
                0x08002b74                SaveConfig
 .text.ResetMCU
                0x08002bac        0x8 ./Core/Src/app.o
                0x08002bac                ResetMCU
 .text.CommandCB
                0x08002bb4       0x58 ./Core/Src/app.o
                0x08002bb4                CommandCB
 .text.ListenerCommandCB
                0x08002c0c       0x16 ./Core/Src/app.o
                0x08002c0c                ListenerCommandCB
 *fill*         0x08002c22        0x2 
 .text.App_CanOnRx
                0x08002c24       0x50 ./Core/Src/app.o
                0x08002c24                App_CanOnRx
 .text.App_CanRxPush
                0x08002c74       0xac ./Core/Src/app.o
                0x08002c74                App_CanRxPush
 .text.App_CanProcess
                0x08002d20       0x80 ./Core/Src/app.o
                0x08002d20                App_CanProcess
 .text.App_Init
                0x08002da0      0x1b0 ./Core/Src/app.o
                0x08002da0                App_Init
 .text.App_UpdateCanActivity
                0x08002f50       0x6c ./Core/Src/app.o
                0x08002f50                App_UpdateCanActivity
 .text.App_Timer1ms
                0x08002fbc      0x16c ./Core/Src/app.o
                0x08002fbc                App_Timer1ms
 .text._Z41__static_initialization_and_destruction_0v
                0x08003128       0x20 ./Core/Src/app.o
 .text._GLOBAL__sub_I_CAN1_Active
                0x08003148        0xa ./Core/Src/app.o
 *fill*         0x08003152        0x2 
 .text.FDCAN_StartAll
                0x08003154       0x68 ./Core/Src/main.o
 .text.CanTxEnqueue
                0x080031bc       0xa8 ./Core/Src/main.o
 .text.App_CanTxProcess
                0x08003264       0xf0 ./Core/Src/main.o
                0x08003264                App_CanTxProcess
 .text.CANSendData
                0x08003354       0x2a ./Core/Src/main.o
                0x08003354                CANSendData
 *fill*         0x0800337e        0x2 
 .text.HAL_FDCAN_RxFifo0Callback
                0x08003380       0xb0 ./Core/Src/main.o
                0x08003380                HAL_FDCAN_RxFifo0Callback
 .text.HAL_FDCAN_ErrorStatusCallback
                0x08003430       0x96 ./Core/Src/main.o
                0x08003430                HAL_FDCAN_ErrorStatusCallback
 *fill*         0x080034c6        0x2 
 .text.main     0x080034c8       0x68 ./Core/Src/main.o
                0x080034c8                main
 .text.SystemClock_Config
                0x08003530       0xe4 ./Core/Src/main.o
                0x08003530                SystemClock_Config
 .text.MX_ADC1_Init
                0x08003614       0xcc ./Core/Src/main.o
 .text.MX_FDCAN1_Init
                0x080036e0       0x8c ./Core/Src/main.o
 .text.MX_FDCAN2_Init
                0x0800376c       0x8c ./Core/Src/main.o
 .text.MX_GPDMA1_Init
                0x080037f8       0x40 ./Core/Src/main.o
 .text.MX_GPIO_Init
                0x08003838      0x110 ./Core/Src/main.o
 .text.Error_Handler
                0x08003948        0xc ./Core/Src/main.o
                0x08003948                Error_Handler
 .text.HAL_MspInit
                0x08003954        0xe ./Core/Src/stm32h5xx_hal_msp.o
                0x08003954                HAL_MspInit
 *fill*         0x08003962        0x2 
 .text.HAL_ADC_MspInit
                0x08003964      0x230 ./Core/Src/stm32h5xx_hal_msp.o
                0x08003964                HAL_ADC_MspInit
 .text.HAL_FDCAN_MspInit
                0x08003b94      0x1c0 ./Core/Src/stm32h5xx_hal_msp.o
                0x08003b94                HAL_FDCAN_MspInit
 .text.NMI_Handler
                0x08003d54        0x8 ./Core/Src/stm32h5xx_it.o
                0x08003d54                NMI_Handler
 .text.HardFault_Handler
                0x08003d5c        0x8 ./Core/Src/stm32h5xx_it.o
                0x08003d5c                HardFault_Handler
 .text.MemManage_Handler
                0x08003d64        0x8 ./Core/Src/stm32h5xx_it.o
                0x08003d64                MemManage_Handler
 .text.BusFault_Handler
                0x08003d6c        0x8 ./Core/Src/stm32h5xx_it.o
                0x08003d6c                BusFault_Handler
 .text.UsageFault_Handler
                0x08003d74        0x8 ./Core/Src/stm32h5xx_it.o
                0x08003d74                UsageFault_Handler
 .text.SVC_Handler
                0x08003d7c        0xe ./Core/Src/stm32h5xx_it.o
                0x08003d7c                SVC_Handler
 .text.DebugMon_Handler
                0x08003d8a        0xe ./Core/Src/stm32h5xx_it.o
                0x08003d8a                DebugMon_Handler
 .text.PendSV_Handler
                0x08003d98        0xe ./Core/Src/stm32h5xx_it.o
                0x08003d98                PendSV_Handler
 .text.SysTick_Handler
                0x08003da6        0xc ./Core/Src/stm32h5xx_it.o
                0x08003da6                SysTick_Handler
 *fill*         0x08003db2        0x2 
 .text.GPDMA1_Channel0_IRQHandler
                0x08003db4       0x14 ./Core/Src/stm32h5xx_it.o
                0x08003db4                GPDMA1_Channel0_IRQHandler
 .text.FDCAN1_IT0_IRQHandler
                0x08003dc8       0x14 ./Core/Src/stm32h5xx_it.o
                0x08003dc8                FDCAN1_IT0_IRQHandler
 .text.FDCAN2_IT0_IRQHandler
                0x08003ddc       0x14 ./Core/Src/stm32h5xx_it.o
                0x08003ddc                FDCAN2_IT0_IRQHandler
 .text._getpid  0x08003df0       0x10 ./Core/Src/syscalls.o
                0x08003df0                _getpid
 .text._kill    0x08003e00       0x20 ./Core/Src/syscalls.o
                0x08003e00                _kill
 .text._exit    0x08003e20       0x16 ./Core/Src/syscalls.o
                0x08003e20                _exit
 *fill*         0x08003e36        0x2 
 .text.SystemInit
                0x08003e38       0xf8 ./Core/Src/system_stm32h5xx.o
                0x08003e38                SystemInit
 .text.Reset_Handler
                0x08003f30       0x50 ./Core/Startup/startup_stm32h523retx.o
                0x08003f30                Reset_Handler
 .text.Default_Handler
                0x08003f80        0x2 ./Core/Startup/startup_stm32h523retx.o
                0x08003f80                EXTI2_IRQHandler
                0x08003f80                TIM8_TRG_COM_IRQHandler
                0x08003f80                TIM8_CC_IRQHandler
                0x08003f80                EXTI5_IRQHandler
                0x08003f80                I3C1_ER_IRQHandler
                0x08003f80                SPI4_IRQHandler
                0x08003f80                GPDMA2_Channel1_IRQHandler
                0x08003f80                FLASH_S_IRQHandler
                0x08003f80                EXTI13_IRQHandler
                0x08003f80                TIM1_CC_IRQHandler
                0x08003f80                GPDMA2_Channel3_IRQHandler
                0x08003f80                TAMP_IRQHandler
                0x08003f80                TIM6_IRQHandler
                0x08003f80                EXTI12_IRQHandler
                0x08003f80                USB_DRD_FS_IRQHandler
                0x08003f80                EXTI3_IRQHandler
                0x08003f80                GPDMA1_Channel5_IRQHandler
                0x08003f80                EXTI8_IRQHandler
                0x08003f80                GPDMA2_Channel5_IRQHandler
                0x08003f80                LPTIM2_IRQHandler
                0x08003f80                I2C3_ER_IRQHandler
                0x08003f80                GPDMA2_Channel2_IRQHandler
                0x08003f80                EXTI0_IRQHandler
                0x08003f80                I2C2_EV_IRQHandler
                0x08003f80                FPU_IRQHandler
                0x08003f80                GPDMA1_Channel3_IRQHandler
                0x08003f80                GPDMA1_Channel7_IRQHandler
                0x08003f80                FDCAN1_IT1_IRQHandler
                0x08003f80                RAMCFG_IRQHandler
                0x08003f80                DCACHE1_IRQHandler
                0x08003f80                SPI1_IRQHandler
                0x08003f80                OCTOSPI1_IRQHandler
                0x08003f80                GPDMA1_Channel2_IRQHandler
                0x08003f80                TIM8_UP_IRQHandler
                0x08003f80                RCC_S_IRQHandler
                0x08003f80                ADC1_IRQHandler
                0x08003f80                USART6_IRQHandler
                0x08003f80                I3C2_ER_IRQHandler
                0x08003f80                EXTI15_IRQHandler
                0x08003f80                USART3_IRQHandler
                0x08003f80                RTC_IRQHandler
                0x08003f80                EXTI9_IRQHandler
                0x08003f80                UART5_IRQHandler
                0x08003f80                TIM4_IRQHandler
                0x08003f80                I3C2_EV_IRQHandler
                0x08003f80                I2C1_EV_IRQHandler
                0x08003f80                GPDMA1_Channel1_IRQHandler
                0x08003f80                UART4_IRQHandler
                0x08003f80                SecureFault_Handler
                0x08003f80                TIM3_IRQHandler
                0x08003f80                RCC_IRQHandler
                0x08003f80                TIM1_TRG_COM_IRQHandler
                0x08003f80                Default_Handler
                0x08003f80                CEC_IRQHandler
                0x08003f80                GPDMA2_Channel4_IRQHandler
                0x08003f80                TIM12_IRQHandler
                0x08003f80                TIM7_IRQHandler
                0x08003f80                SDMMC1_IRQHandler
                0x08003f80                TIM5_IRQHandler
                0x08003f80                UCPD1_IRQHandler
                0x08003f80                I3C1_EV_IRQHandler
                0x08003f80                TIM15_IRQHandler
                0x08003f80                PVD_AVD_IRQHandler
                0x08003f80                I2C3_EV_IRQHandler
                0x08003f80                ADC2_IRQHandler
                0x08003f80                SPI2_IRQHandler
                0x08003f80                EXTI14_IRQHandler
                0x08003f80                EXTI11_IRQHandler
                0x08003f80                CRS_IRQHandler
                0x08003f80                EXTI4_IRQHandler
                0x08003f80                GPDMA2_Channel0_IRQHandler
                0x08003f80                RTC_S_IRQHandler
                0x08003f80                RNG_IRQHandler
                0x08003f80                FDCAN2_IT1_IRQHandler
                0x08003f80                GPDMA2_Channel6_IRQHandler
                0x08003f80                TIM1_UP_IRQHandler
                0x08003f80                WWDG_IRQHandler
                0x08003f80                IWDG_IRQHandler
                0x08003f80                LPUART1_IRQHandler
                0x08003f80                TIM2_IRQHandler
                0x08003f80                GPDMA1_Channel4_IRQHandler
                0x08003f80                EXTI7_IRQHandler
                0x08003f80                TIM1_BRK_IRQHandler
                0x08003f80                EXTI1_IRQHandler
                0x08003f80                DAC1_IRQHandler
                0x08003f80                DTS_IRQHandler
                0x08003f80                GTZC_IRQHandler
                0x08003f80                USART2_IRQHandler
                0x08003f80                GPDMA1_Channel6_IRQHandler
                0x08003f80                GPDMA2_Channel7_IRQHandler
                0x08003f80                I2C2_ER_IRQHandler
                0x08003f80                TIM8_BRK_IRQHandler
                0x08003f80                FLASH_IRQHandler
                0x08003f80                USART1_IRQHandler
                0x08003f80                EXTI10_IRQHandler
                0x08003f80                SPI3_IRQHandler
                0x08003f80                I2C1_ER_IRQHandler
                0x08003f80                FMC_IRQHandler
                0x08003f80                EXTI6_IRQHandler
                0x08003f80                LPTIM1_IRQHandler
                0x08003f80                DCMI_PSSI_IRQHandler
                0x08003f80                ICACHE_IRQHandler
                0x08003f80                HASH_IRQHandler
 *fill*         0x08003f82        0x2 
 .text.HAL_Init
                0x08003f84       0x50 ./Drivers/STM32H5xx_HAL_Driver/Src/stm32h5xx_hal.o
                0x08003f84                HAL_Init
 .text.HAL_InitTick
                0x08003fd4       0xec ./Drivers/STM32H5xx_HAL_Driver/Src/stm32h5xx_hal.o
                0x08003fd4                HAL_InitTick
 .text.HAL_IncTick
                0x080040c0       0x28 ./Drivers/STM32H5xx_HAL_Driver/Src/stm32h5xx_hal.o
                0x080040c0                HAL_IncTick
 .text.HAL_GetTick
                0x080040e8       0x18 ./Drivers/STM32H5xx_HAL_Driver/Src/stm32h5xx_hal.o
                0x080040e8                HAL_GetTick
 .text.HAL_SetTickFreq
                0x08004100       0x50 ./Drivers/STM32H5xx_HAL_Driver/Src/stm32h5xx_hal.o
                0x08004100                HAL_SetTickFreq
 .text.HAL_GetDEVID
                0x08004150       0x1c ./Drivers/STM32H5xx_HAL_Driver/Src/stm32h5xx_hal.o
                0x08004150                HAL_GetDEVID
 .text.HAL_GetUIDw0
                0x0800416c       0x18 ./Drivers/STM32H5xx_HAL_Driver/Src/stm32h5xx_hal.o
                0x0800416c                HAL_GetUIDw0
 .text.HAL_GetUIDw1
                0x08004184       0x18 ./Drivers/STM32H5xx_HAL_Driver/Src/stm32h5xx_hal.o
                0x08004184                HAL_GetUIDw1
 .text.HAL_GetUIDw2
                0x0800419c       0x18 ./Drivers/STM32H5xx_HAL_Driver/Src/stm32h5xx_hal.o
                0x0800419c                HAL_GetUIDw2
 .text.LL_ADC_SetCommonClock
                0x080041b4       0x26 ./Drivers/STM32H5xx_HAL_Driver/Src/stm32h5xx_hal_adc.o
 .text.LL_ADC_SetCommonPathInternalCh
                0x080041da       0x26 ./Drivers/STM32H5xx_HAL_Driver/Src/stm32h5xx_hal_adc.o
 .text.LL_ADC_GetCommonPathInternalCh
                0x08004200       0x1c ./Drivers/STM32H5xx_HAL_Driver/Src/stm32h5xx_hal_adc.o
 .text.LL_ADC_EnableChannelVDDcore
                0x0800421c       0x24 ./Drivers/STM32H5xx_HAL_Driver/Src/stm32h5xx_hal_adc.o
 .text.LL_ADC_EnableChannel0_GPIO
                0x08004240       0x28 ./Drivers/STM32H5xx_HAL_Driver/Src/stm32h5xx_hal_adc.o
 .text.LL_ADC_SetOffset
                0x08004268       0x48 ./Drivers/STM32H5xx_HAL_Driver/Src/stm32h5xx_hal_adc.o
 .text.LL_ADC_GetOffsetChannel
                0x080042b0       0x2c ./Drivers/STM32H5xx_HAL_Driver/Src/stm32h5xx_hal_adc.o
 .text.LL_ADC_SetOffsetState
                0x080042dc       0x36 ./Drivers/STM32H5xx_HAL_Driver/Src/stm32h5xx_hal_adc.o
 .text.LL_ADC_SetOffsetSign
                0x08004312       0x36 ./Drivers/STM32H5xx_HAL_Driver/Src/stm32h5xx_hal_adc.o
 .text.LL_ADC_SetOffsetSaturation
                0x08004348       0x36 ./Drivers/STM32H5xx_HAL_Driver/Src/stm32h5xx_hal_adc.o
 .text.LL_ADC_SetSamplingTimeCommonConfig
                0x0800437e       0x26 ./Drivers/STM32H5xx_HAL_Driver/Src/stm32h5xx_hal_adc.o
 .text.LL_ADC_REG_IsTriggerSourceSWStart
                0x080043a4       0x26 ./Drivers/STM32H5xx_HAL_Driver/Src/stm32h5xx_hal_adc.o
 .text.LL_ADC_REG_SetSequencerRanks
                0x080043ca       0x58 ./Drivers/STM32H5xx_HAL_Driver/Src/stm32h5xx_hal_adc.o
 .text.LL_ADC_SetChannelSamplingTime
                0x08004422       0x56 ./Drivers/STM32H5xx_HAL_Driver/Src/stm32h5xx_hal_adc.o
 .text.LL_ADC_SetChannelSingleDiff
                0x08004478       0x48 ./Drivers/STM32H5xx_HAL_Driver/Src/stm32h5xx_hal_adc.o
 .text.LL_ADC_GetMultimode
                0x080044c0       0x1c ./Drivers/STM32H5xx_HAL_Driver/Src/stm32h5xx_hal_adc.o
 .text.LL_ADC_DisableDeepPowerDown
                0x080044dc       0x24 ./Drivers/STM32H5xx_HAL_Driver/Src/stm32h5xx_hal_adc.o
 .text.LL_ADC_IsDeepPowerDownEnabled
                0x08004500       0x28 ./Drivers/STM32H5xx_HAL_Driver/Src/stm32h5xx_hal_adc.o
 .text.LL_ADC_EnableInternalRegulator
                0x08004528       0x28 ./Drivers/STM32H5xx_HAL_Driver/Src/stm32h5xx_hal_adc.o
 .text.LL_ADC_IsInternalRegulatorEnabled
                0x08004550       0x28 ./Drivers/STM32H5xx_HAL_Driver/Src/stm32h5xx_hal_adc.o
 .text.LL_ADC_Enable
                0x08004578       0x28 ./Drivers/STM32H5xx_HAL_Driver/Src/stm32h5xx_hal_adc.o
 .text.LL_ADC_IsEnabled
                0x080045a0       0x26 ./Drivers/STM32H5xx_HAL_Driver/Src/stm32h5xx_hal_adc.o
 .text.LL_ADC_REG_StartConversion
                0x080045c6       0x28 ./Drivers/STM32H5xx_HAL_Driver/Src/stm32h5xx_hal_adc.o
 .text.LL_ADC_REG_IsConversionOngoing
                0x080045ee       0x26 ./Drivers/STM32H5xx_HAL_Driver/Src/stm32h5xx_hal_adc.o
 .text.LL_ADC_INJ_IsConversionOngoing
                0x08004614       0x26 ./Drivers/STM32H5xx_HAL_Driver/Src/stm32h5xx_hal_adc.o
 *fill*         0x0800463a        0x2 
 .text.HAL_ADC_Init
                0x0800463c      0x2a8 ./Drivers/STM32H5xx_HAL_Driver/Src/stm32h5xx_hal_adc.o
                0x0800463c                HAL_ADC_Init
 .text.HAL_ADC_Start_DMA
                0x080048e4      0x254 ./Drivers/STM32H5xx_HAL_Driver/Src/stm32h5xx_hal_adc.o
                0x080048e4                HAL_ADC_Start_DMA
 .text.HAL_ADC_ConvHalfCpltCallback
                0x08004b38       0x14 ./Drivers/STM32H5xx_HAL_Driver/Src/stm32h5xx_hal_adc.o
                0x08004b38                HAL_ADC_ConvHalfCpltCallback
 .text.HAL_ADC_ErrorCallback
                0x08004b4c       0x14 ./Drivers/STM32H5xx_HAL_Driver/Src/stm32h5xx_hal_adc.o
                0x08004b4c                HAL_ADC_ErrorCallback
 .text.HAL_ADC_ConfigChannel
                0x08004b60      0x820 ./Drivers/STM32H5xx_HAL_Driver/Src/stm32h5xx_hal_adc.o
                0x08004b60                HAL_ADC_ConfigChannel
 .text.ADC_Enable
                0x08005380      0x104 ./Drivers/STM32H5xx_HAL_Driver/Src/stm32h5xx_hal_adc.o
                0x08005380                ADC_Enable
 .text.ADC_DMAConvCplt
                0x08005484       0xd8 ./Drivers/STM32H5xx_HAL_Driver/Src/stm32h5xx_hal_adc.o
                0x08005484                ADC_DMAConvCplt
 .text.ADC_DMAHalfConvCplt
                0x0800555c       0x1c ./Drivers/STM32H5xx_HAL_Driver/Src/stm32h5xx_hal_adc.o
                0x0800555c                ADC_DMAHalfConvCplt
 .text.ADC_DMAError
                0x08005578       0x34 ./Drivers/STM32H5xx_HAL_Driver/Src/stm32h5xx_hal_adc.o
                0x08005578                ADC_DMAError
 .text.__NVIC_SetPriorityGrouping
                0x080055ac       0x48 ./Drivers/STM32H5xx_HAL_Driver/Src/stm32h5xx_hal_cortex.o
 .text.__NVIC_GetPriorityGrouping
                0x080055f4       0x1c ./Drivers/STM32H5xx_HAL_Driver/Src/stm32h5xx_hal_cortex.o
 .text.__NVIC_EnableIRQ
                0x08005610       0x3c ./Drivers/STM32H5xx_HAL_Driver/Src/stm32h5xx_hal_cortex.o
 .text.__NVIC_SetPriority
                0x0800564c       0x54 ./Drivers/STM32H5xx_HAL_Driver/Src/stm32h5xx_hal_cortex.o
 .text.NVIC_EncodePriority
                0x080056a0       0x66 ./Drivers/STM32H5xx_HAL_Driver/Src/stm32h5xx_hal_cortex.o
 .text.HAL_NVIC_SetPriorityGrouping
                0x08005706       0x16 ./Drivers/STM32H5xx_HAL_Driver/Src/stm32h5xx_hal_cortex.o
                0x08005706                HAL_NVIC_SetPriorityGrouping
 .text.HAL_NVIC_SetPriority
                0x0800571c       0x34 ./Drivers/STM32H5xx_HAL_Driver/Src/stm32h5xx_hal_cortex.o
                0x0800571c                HAL_NVIC_SetPriority
 .text.HAL_NVIC_EnableIRQ
                0x08005750       0x1c ./Drivers/STM32H5xx_HAL_Driver/Src/stm32h5xx_hal_cortex.o
                0x08005750                HAL_NVIC_EnableIRQ
 .text.HAL_SYSTICK_Config
                0x0800576c       0x44 ./Drivers/STM32H5xx_HAL_Driver/Src/stm32h5xx_hal_cortex.o
                0x0800576c                HAL_SYSTICK_Config
 .text.HAL_SYSTICK_CLKSourceConfig
                0x080057b0       0xb0 ./Drivers/STM32H5xx_HAL_Driver/Src/stm32h5xx_hal_cortex.o
                0x080057b0                HAL_SYSTICK_CLKSourceConfig
 .text.HAL_SYSTICK_GetCLKSourceConfig
                0x08005860       0x6c ./Drivers/STM32H5xx_HAL_Driver/Src/stm32h5xx_hal_cortex.o
                0x08005860                HAL_SYSTICK_GetCLKSourceConfig
 .text.HAL_DMA_Start_IT
                0x080058cc       0xcc ./Drivers/STM32H5xx_HAL_Driver/Src/stm32h5xx_hal_dma.o
                0x080058cc                HAL_DMA_Start_IT
 .text.HAL_DMA_IRQHandler
                0x08005998      0x2c2 ./Drivers/STM32H5xx_HAL_Driver/Src/stm32h5xx_hal_dma.o
                0x08005998                HAL_DMA_IRQHandler
 .text.HAL_DMA_ConfigChannelAttributes
                0x08005c5a       0x78 ./Drivers/STM32H5xx_HAL_Driver/Src/stm32h5xx_hal_dma.o
                0x08005c5a                HAL_DMA_ConfigChannelAttributes
 .text.DMA_SetConfig
                0x08005cd2       0x4a ./Drivers/STM32H5xx_HAL_Driver/Src/stm32h5xx_hal_dma.o
 .text.HAL_DMAEx_List_Init
                0x08005d1c      0x258 ./Drivers/STM32H5xx_HAL_Driver/Src/stm32h5xx_hal_dma_ex.o
                0x08005d1c                HAL_DMAEx_List_Init
 .text.HAL_DMAEx_List_Start_IT
                0x08005f74      0x134 ./Drivers/STM32H5xx_HAL_Driver/Src/stm32h5xx_hal_dma_ex.o
                0x08005f74                HAL_DMAEx_List_Start_IT
 .text.HAL_DMAEx_List_BuildNode
                0x080060a8       0x2c ./Drivers/STM32H5xx_HAL_Driver/Src/stm32h5xx_hal_dma_ex.o
                0x080060a8                HAL_DMAEx_List_BuildNode
 .text.HAL_DMAEx_List_GetNodeConfig
                0x080060d4       0x2c ./Drivers/STM32H5xx_HAL_Driver/Src/stm32h5xx_hal_dma_ex.o
                0x080060d4                HAL_DMAEx_List_GetNodeConfig
 .text.HAL_DMAEx_List_InsertNode
                0x08006100      0x192 ./Drivers/STM32H5xx_HAL_Driver/Src/stm32h5xx_hal_dma_ex.o
                0x08006100                HAL_DMAEx_List_InsertNode
 .text.HAL_DMAEx_List_SetCircularMode
                0x08006292       0xc0 ./Drivers/STM32H5xx_HAL_Driver/Src/stm32h5xx_hal_dma_ex.o
                0x08006292                HAL_DMAEx_List_SetCircularMode
 *fill*         0x08006352        0x2 
 .text.HAL_DMAEx_List_LinkQ
                0x08006354      0x138 ./Drivers/STM32H5xx_HAL_Driver/Src/stm32h5xx_hal_dma_ex.o
                0x08006354                HAL_DMAEx_List_LinkQ
 .text.DMA_List_Init
                0x0800648c      0x2b0 ./Drivers/STM32H5xx_HAL_Driver/Src/stm32h5xx_hal_dma_ex.o
 .text.DMA_List_BuildNode
                0x0800673c      0x2c0 ./Drivers/STM32H5xx_HAL_Driver/Src/stm32h5xx_hal_dma_ex.o
 .text.DMA_List_GetNodeConfig
                0x080069fc      0x214 ./Drivers/STM32H5xx_HAL_Driver/Src/stm32h5xx_hal_dma_ex.o
 .text.DMA_List_CheckNodesBaseAddresses
                0x08006c10       0x60 ./Drivers/STM32H5xx_HAL_Driver/Src/stm32h5xx_hal_dma_ex.o
 .text.DMA_List_CheckNodesTypes
                0x08006c70       0x78 ./Drivers/STM32H5xx_HAL_Driver/Src/stm32h5xx_hal_dma_ex.o
 .text.DMA_List_GetCLLRNodeInfo
                0x08006ce8       0x60 ./Drivers/STM32H5xx_HAL_Driver/Src/stm32h5xx_hal_dma_ex.o
 .text.DMA_List_FindNode
                0x08006d48      0x13e ./Drivers/STM32H5xx_HAL_Driver/Src/stm32h5xx_hal_dma_ex.o
 *fill*         0x08006e86        0x2 
 .text.HAL_FDCAN_Init
                0x08006e88      0x2b4 ./Drivers/STM32H5xx_HAL_Driver/Src/stm32h5xx_hal_fdcan.o
                0x08006e88                HAL_FDCAN_Init
 .text.HAL_FDCAN_ConfigFilter
                0x0800713c       0xb4 ./Drivers/STM32H5xx_HAL_Driver/Src/stm32h5xx_hal_fdcan.o
                0x0800713c                HAL_FDCAN_ConfigFilter
 .text.HAL_FDCAN_Start
                0x080071f0       0x50 ./Drivers/STM32H5xx_HAL_Driver/Src/stm32h5xx_hal_fdcan.o
                0x080071f0                HAL_FDCAN_Start
 .text.HAL_FDCAN_AddMessageToTxFifoQ
                0x08007240       0x88 ./Drivers/STM32H5xx_HAL_Driver/Src/stm32h5xx_hal_fdcan.o
                0x08007240                HAL_FDCAN_AddMessageToTxFifoQ
 .text.HAL_FDCAN_GetRxMessage
                0x080072c8      0x210 ./Drivers/STM32H5xx_HAL_Driver/Src/stm32h5xx_hal_fdcan.o
                0x080072c8                HAL_FDCAN_GetRxMessage
 .text.HAL_FDCAN_GetProtocolStatus
                0x080074d8       0xa0 ./Drivers/STM32H5xx_HAL_Driver/Src/stm32h5xx_hal_fdcan.o
                0x080074d8                HAL_FDCAN_GetProtocolStatus
 .text.HAL_FDCAN_GetRxFifoFillLevel
                0x08007578       0x3c ./Drivers/STM32H5xx_HAL_Driver/Src/stm32h5xx_hal_fdcan.o
                0x08007578                HAL_FDCAN_GetRxFifoFillLevel
 .text.HAL_FDCAN_GetTxFifoFreeLevel
                0x080075b4       0x24 ./Drivers/STM32H5xx_HAL_Driver/Src/stm32h5xx_hal_fdcan.o
                0x080075b4                HAL_FDCAN_GetTxFifoFreeLevel
 .text.HAL_FDCAN_ActivateNotification
                0x080075d8      0x1cc ./Drivers/STM32H5xx_HAL_Driver/Src/stm32h5xx_hal_fdcan.o
                0x080075d8                HAL_FDCAN_ActivateNotification
 .text.HAL_FDCAN_IRQHandler
                0x080077a4      0x266 ./Drivers/STM32H5xx_HAL_Driver/Src/stm32h5xx_hal_fdcan.o
                0x080077a4                HAL_FDCAN_IRQHandler
 .text.HAL_FDCAN_TxEventFifoCallback
                0x08007a0a       0x16 ./Drivers/STM32H5xx_HAL_Driver/Src/stm32h5xx_hal_fdcan.o
                0x08007a0a                HAL_FDCAN_TxEventFifoCallback
 .text.HAL_FDCAN_RxFifo1Callback
                0x08007a20       0x16 ./Drivers/STM32H5xx_HAL_Driver/Src/stm32h5xx_hal_fdcan.o
                0x08007a20                HAL_FDCAN_RxFifo1Callback
 .text.HAL_FDCAN_TxFifoEmptyCallback
                0x08007a36       0x14 ./Drivers/STM32H5xx_HAL_Driver/Src/stm32h5xx_hal_fdcan.o
                0x08007a36                HAL_FDCAN_TxFifoEmptyCallback
 .text.HAL_FDCAN_TxBufferCompleteCallback
                0x08007a4a       0x16 ./Drivers/STM32H5xx_HAL_Driver/Src/stm32h5xx_hal_fdcan.o
                0x08007a4a                HAL_FDCAN_TxBufferCompleteCallback
 .text.HAL_FDCAN_TxBufferAbortCallback
                0x08007a60       0x16 ./Drivers/STM32H5xx_HAL_Driver/Src/stm32h5xx_hal_fdcan.o
                0x08007a60                HAL_FDCAN_TxBufferAbortCallback
 .text.HAL_FDCAN_TimestampWraparoundCallback
                0x08007a76       0x14 ./Drivers/STM32H5xx_HAL_Driver/Src/stm32h5xx_hal_fdcan.o
                0x08007a76                HAL_FDCAN_TimestampWraparoundCallback
 .text.HAL_FDCAN_TimeoutOccurredCallback
                0x08007a8a       0x14 ./Drivers/STM32H5xx_HAL_Driver/Src/stm32h5xx_hal_fdcan.o
                0x08007a8a                HAL_FDCAN_TimeoutOccurredCallback
 .text.HAL_FDCAN_HighPriorityMessageCallback
                0x08007a9e       0x14 ./Drivers/STM32H5xx_HAL_Driver/Src/stm32h5xx_hal_fdcan.o
                0x08007a9e                HAL_FDCAN_HighPriorityMessageCallback
 .text.HAL_FDCAN_ErrorCallback
                0x08007ab2       0x14 ./Drivers/STM32H5xx_HAL_Driver/Src/stm32h5xx_hal_fdcan.o
                0x08007ab2                HAL_FDCAN_ErrorCallback
 *fill*         0x08007ac6        0x2 
 .text.FDCAN_CalcultateRamBlockAddresses
                0x08007ac8       0xc4 ./Drivers/STM32H5xx_HAL_Driver/Src/stm32h5xx_hal_fdcan.o
 .text.FDCAN_CopyMessageToRAM
                0x08007b8c       0xf8 ./Drivers/STM32H5xx_HAL_Driver/Src/stm32h5xx_hal_fdcan.o
 .text.HAL_FLASH_Program
                0x08007c84       0xf0 ./Drivers/STM32H5xx_HAL_Driver/Src/stm32h5xx_hal_flash.o
                0x08007c84                HAL_FLASH_Program
 .text.HAL_FLASH_Unlock
                0x08007d74       0x4c ./Drivers/STM32H5xx_HAL_Driver/Src/stm32h5xx_hal_flash.o
                0x08007d74                HAL_FLASH_Unlock
 .text.HAL_FLASH_Lock
                0x08007dc0       0x38 ./Drivers/STM32H5xx_HAL_Driver/Src/stm32h5xx_hal_flash.o
                0x08007dc0                HAL_FLASH_Lock
 .text.FLASH_WaitForLastOperation
                0x08007df8       0x9c ./Drivers/STM32H5xx_HAL_Driver/Src/stm32h5xx_hal_flash.o
                0x08007df8                FLASH_WaitForLastOperation
 .text.FLASH_Program_QuadWord
                0x08007e94       0x78 ./Drivers/STM32H5xx_HAL_Driver/Src/stm32h5xx_hal_flash.o
 .text.FLASH_Program_QuadWord_OBK
                0x08007f0c       0x98 ./Drivers/STM32H5xx_HAL_Driver/Src/stm32h5xx_hal_flash.o
 .text.FLASH_Program_HalfWord
                0x08007fa4       0x34 ./Drivers/STM32H5xx_HAL_Driver/Src/stm32h5xx_hal_flash.o
 .text.FLASH_Program_Word
                0x08007fd8       0x34 ./Drivers/STM32H5xx_HAL_Driver/Src/stm32h5xx_hal_flash.o
 .text.HAL_FLASHEx_Erase
                0x0800800c      0x100 ./Drivers/STM32H5xx_HAL_Driver/Src/stm32h5xx_hal_flash_ex.o
                0x0800800c                HAL_FLASHEx_Erase
 .text.FLASH_MassErase
                0x0800810c       0x70 ./Drivers/STM32H5xx_HAL_Driver/Src/stm32h5xx_hal_flash_ex.o
 .text.FLASH_Erase_Sector
                0x0800817c       0x70 ./Drivers/STM32H5xx_HAL_Driver/Src/stm32h5xx_hal_flash_ex.o
                0x0800817c                FLASH_Erase_Sector
 .text.FLASH_OBKErase
                0x080081ec       0x28 ./Drivers/STM32H5xx_HAL_Driver/Src/stm32h5xx_hal_flash_ex.o
 .text.HAL_GPIO_Init
                0x08008214      0x2bc ./Drivers/STM32H5xx_HAL_Driver/Src/stm32h5xx_hal_gpio.o
                0x08008214                HAL_GPIO_Init
 .text.HAL_GPIO_ReadPin
                0x080084d0       0x30 ./Drivers/STM32H5xx_HAL_Driver/Src/stm32h5xx_hal_gpio.o
                0x080084d0                HAL_GPIO_ReadPin
 .text.HAL_GPIO_WritePin
                0x08008500       0x30 ./Drivers/STM32H5xx_HAL_Driver/Src/stm32h5xx_hal_gpio.o
                0x08008500                HAL_GPIO_WritePin
 .text.HAL_GPIO_TogglePin
                0x08008530       0x34 ./Drivers/STM32H5xx_HAL_Driver/Src/stm32h5xx_hal_gpio.o
                0x08008530                HAL_GPIO_TogglePin
 .text.HAL_RCC_OscConfig
                0x08008564      0x870 ./Drivers/STM32H5xx_HAL_Driver/Src/stm32h5xx_hal_rcc.o
                0x08008564                HAL_RCC_OscConfig
 .text.HAL_RCC_ClockConfig
                0x08008dd4      0x370 ./Drivers/STM32H5xx_HAL_Driver/Src/stm32h5xx_hal_rcc.o
                0x08008dd4                HAL_RCC_ClockConfig
 .text.HAL_RCC_GetSysClockFreq
                0x08009144      0x258 ./Drivers/STM32H5xx_HAL_Driver/Src/stm32h5xx_hal_rcc.o
                0x08009144                HAL_RCC_GetSysClockFreq
 .text.HAL_RCC_GetHCLKFreq
                0x0800939c       0x38 ./Drivers/STM32H5xx_HAL_Driver/Src/stm32h5xx_hal_rcc.o
                0x0800939c                HAL_RCC_GetHCLKFreq
 .text.HAL_RCCEx_PeriphCLKConfig
                0x080093d4     0x1380 ./Drivers/STM32H5xx_HAL_Driver/Src/stm32h5xx_hal_rcc_ex.o
                0x080093d4                HAL_RCCEx_PeriphCLKConfig
 .text.RCCEx_PLL2_Config
                0x0800a754      0x130 ./Drivers/STM32H5xx_HAL_Driver/Src/stm32h5xx_hal_rcc_ex.o
 .text.RCCEx_PLL3_Config
                0x0800a884      0x130 ./Drivers/STM32H5xx_HAL_Driver/Src/stm32h5xx_hal_rcc_ex.o
 .text._ZN7VDevice5GetDTEv
                0x0800a9b4       0x16 C:\Users\79099\STM32CubeIDE\workspace_1.13.2\device_lib\Debug\libdevice_lib.a(.)
                0x0800a9b4                VDevice::GetDT()
 .text._ZNK10__cxxabiv117__class_type_info11__do_upcastEPKS0_PPv
                0x0800a9ca       0x32 C:/ST/STM32CubeIDE_1.13.2/STM32CubeIDE/plugins/com.st.stm32cube.ide.mcu.externaltools.gnu-tools-for-stm32.13.3.rel1.win32_1.0.0.202411081344/tools/bin/../lib/gcc/arm-none-eabi/13.3.1/../../../../arm-none-eabi/lib/thumb/v8-m.main+fp/hard\libstdc++_nano.a(class_type_info.o)
                0x0800a9ca                __cxxabiv1::__class_type_info::__do_upcast(__cxxabiv1::__class_type_info const*, void**) const
 .text._ZNK10__cxxabiv117__class_type_info20__do_find_public_srcEiPKvPKS0_S2_
                0x0800a9fc        0xc C:/ST/STM32CubeIDE_1.13.2/STM32CubeIDE/plugins/com.st.stm32cube.ide.mcu.externaltools.gnu-tools-for-stm32.13.3.rel1.win32_1.0.0.202411081344/tools/bin/../lib/gcc/arm-none-eabi/13.3.1/../../../../arm-none-eabi/lib/thumb/v8-m.main+fp/hard\libstdc++_nano.a(class_type_info.o)
                0x0800a9fc                __cxxabiv1::__class_type_info::__do_find_public_src(int, void const*, __cxxabiv1::__class_type_info const*, void const*) const
 .text._ZN10__cxxabiv117__class_type_infoD2Ev
                0x0800aa08       0x14 C:/ST/STM32CubeIDE_1.13.2/STM32CubeIDE/plugins/com.st.stm32cube.ide.mcu.externaltools.gnu-tools-for-stm32.13.3.rel1.win32_1.0.0.202411081344/tools/bin/../lib/gcc/arm-none-eabi/13.3.1/../../../../arm-none-eabi/lib/thumb/v8-m.main+fp/hard\libstdc++_nano.a(class_type_info.o)
                0x0800aa08                __cxxabiv1::__class_type_info::~__class_type_info()
                0x0800aa08                __cxxabiv1::__class_type_info::~__class_type_info()
 .text._ZN10__cxxabiv117__class_type_infoD0Ev
                0x0800aa1c       0x14 C:/ST/STM32CubeIDE_1.13.2/STM32CubeIDE/plugins/com.st.stm32cube.ide.mcu.externaltools.gnu-tools-for-stm32.13.3.rel1.win32_1.0.0.202411081344/tools/bin/../lib/gcc/arm-none-eabi/13.3.1/../../../../arm-none-eabi/lib/thumb/v8-m.main+fp/hard\libstdc++_nano.a(class_type_info.o)
                0x0800aa1c                __cxxabiv1::__class_type_info::~__class_type_info()
 .text._ZNK10__cxxabiv117__class_type_info12__do_dyncastEiNS0_10__sub_kindEPKS0_PKvS3_S5_RNS0_16__dyncast_resultE
                0x0800aa30       0x3e C:/ST/STM32CubeIDE_1.13.2/STM32CubeIDE/plugins/com.st.stm32cube.ide.mcu.externaltools.gnu-tools-for-stm32.13.3.rel1.win32_1.0.0.202411081344/tools/bin/../lib/gcc/arm-none-eabi/13.3.1/../../../../arm-none-eabi/lib/thumb/v8-m.main+fp/hard\libstdc++_nano.a(class_type_info.o)
                0x0800aa30                __cxxabiv1::__class_type_info::__do_dyncast(int, __cxxabiv1::__class_type_info::__sub_kind, __cxxabiv1::__class_type_info const*, void const*, __cxxabiv1::__class_type_info const*, void const*, __cxxabiv1::__class_type_info::__dyncast_result&) const
 .text._ZNK10__cxxabiv117__class_type_info11__do_upcastEPKS0_PKvRNS0_15__upcast_resultE
                0x0800aa6e       0x18 C:/ST/STM32CubeIDE_1.13.2/STM32CubeIDE/plugins/com.st.stm32cube.ide.mcu.externaltools.gnu-tools-for-stm32.13.3.rel1.win32_1.0.0.202411081344/tools/bin/../lib/gcc/arm-none-eabi/13.3.1/../../../../arm-none-eabi/lib/thumb/v8-m.main+fp/hard\libstdc++_nano.a(class_type_info.o)
                0x0800aa6e                __cxxabiv1::__class_type_info::__do_upcast(__cxxabiv1::__class_type_info const*, void const*, __cxxabiv1::__class_type_info::__upcast_result&) const
 .text._ZNK10__cxxabiv117__class_type_info10__do_catchEPKSt9type_infoPPvj
                0x0800aa86       0x2a C:/ST/STM32CubeIDE_1.13.2/STM32CubeIDE/plugins/com.st.stm32cube.ide.mcu.externaltools.gnu-tools-for-stm32.13.3.rel1.win32_1.0.0.202411081344/tools/bin/../lib/gcc/arm-none-eabi/13.3.1/../../../../arm-none-eabi/lib/thumb/v8-m.main+fp/hard\libstdc++_nano.a(class_type_info.o)
                0x0800aa86                __cxxabiv1::__class_type_info::__do_catch(std::type_info const*, void**, unsigned int) const
 .text._ZdlPvj  0x0800aab0        0x4 C:/ST/STM32CubeIDE_1.13.2/STM32CubeIDE/plugins/com.st.stm32cube.ide.mcu.externaltools.gnu-tools-for-stm32.13.3.rel1.win32_1.0.0.202411081344/tools/bin/../lib/gcc/arm-none-eabi/13.3.1/../../../../arm-none-eabi/lib/thumb/v8-m.main+fp/hard\libstdc++_nano.a(del_ops.o)
                0x0800aab0                operator delete(void*, unsigned int)
 .text._ZN10__cxxabiv120__si_class_type_infoD2Ev
                0x0800aab4       0x14 C:/ST/STM32CubeIDE_1.13.2/STM32CubeIDE/plugins/com.st.stm32cube.ide.mcu.externaltools.gnu-tools-for-stm32.13.3.rel1.win32_1.0.0.202411081344/tools/bin/../lib/gcc/arm-none-eabi/13.3.1/../../../../arm-none-eabi/lib/thumb/v8-m.main+fp/hard\libstdc++_nano.a(si_class_type_info.o)
                0x0800aab4                __cxxabiv1::__si_class_type_info::~__si_class_type_info()
                0x0800aab4                __cxxabiv1::__si_class_type_info::~__si_class_type_info()
 .text._ZN10__cxxabiv120__si_class_type_infoD0Ev
                0x0800aac8       0x14 C:/ST/STM32CubeIDE_1.13.2/STM32CubeIDE/plugins/com.st.stm32cube.ide.mcu.externaltools.gnu-tools-for-stm32.13.3.rel1.win32_1.0.0.202411081344/tools/bin/../lib/gcc/arm-none-eabi/13.3.1/../../../../arm-none-eabi/lib/thumb/v8-m.main+fp/hard\libstdc++_nano.a(si_class_type_info.o)
                0x0800aac8                __cxxabiv1::__si_class_type_info::~__si_class_type_info()
 .text._ZNK10__cxxabiv120__si_class_type_info20__do_find_public_srcEiPKvPKNS_17__class_type_infoES2_
                0x0800aadc       0x3c C:/ST/STM32CubeIDE_1.13.2/STM32CubeIDE/plugins/com.st.stm32cube.ide.mcu.externaltools.gnu-tools-for-stm32.13.3.rel1.win32_1.0.0.202411081344/tools/bin/../lib/gcc/arm-none-eabi/13.3.1/../../../../arm-none-eabi/lib/thumb/v8-m.main+fp/hard\libstdc++_nano.a(si_class_type_info.o)
                0x0800aadc                __cxxabiv1::__si_class_type_info::__do_find_public_src(int, void const*, __cxxabiv1::__class_type_info const*, void const*) const
 .text._ZNK10__cxxabiv120__si_class_type_info12__do_dyncastEiNS_17__class_type_info10__sub_kindEPKS1_PKvS4_S6_RNS1_16__dyncast_resultE
                0x0800ab18       0x74 C:/ST/STM32CubeIDE_1.13.2/STM32CubeIDE/plugins/com.st.stm32cube.ide.mcu.externaltools.gnu-tools-for-stm32.13.3.rel1.win32_1.0.0.202411081344/tools/bin/../lib/gcc/arm-none-eabi/13.3.1/../../../../arm-none-eabi/lib/thumb/v8-m.main+fp/hard\libstdc++_nano.a(si_class_type_info.o)
                0x0800ab18                __cxxabiv1::__si_class_type_info::__do_dyncast(int, __cxxabiv1::__class_type_info::__sub_kind, __cxxabiv1::__class_type_info const*, void const*, __cxxabiv1::__class_type_info const*, void const*, __cxxabiv1::__class_type_info::__dyncast_result&) const
 .text._ZNK10__cxxabiv120__si_class_type_info11__do_upcastEPKNS_17__class_type_infoEPKvRNS1_15__upcast_resultE
                0x0800ab8c       0x2a C:/ST/STM32CubeIDE_1.13.2/STM32CubeIDE/plugins/com.st.stm32cube.ide.mcu.externaltools.gnu-tools-for-stm32.13.3.rel1.win32_1.0.0.202411081344/tools/bin/../lib/gcc/arm-none-eabi/13.3.1/../../../../arm-none-eabi/lib/thumb/v8-m.main+fp/hard\libstdc++_nano.a(si_class_type_info.o)
                0x0800ab8c                __cxxabiv1::__si_class_type_info::__do_upcast(__cxxabiv1::__class_type_info const*, void const*, __cxxabiv1::__class_type_info::__upcast_result&) const
 .text._ZNSt9type_infoD2Ev
                0x0800abb6        0x2 C:/ST/STM32CubeIDE_1.13.2/STM32CubeIDE/plugins/com.st.stm32cube.ide.mcu.externaltools.gnu-tools-for-stm32.13.3.rel1.win32_1.0.0.202411081344/tools/bin/../lib/gcc/arm-none-eabi/13.3.1/../../../../arm-none-eabi/lib/thumb/v8-m.main+fp/hard\libstdc++_nano.a(tinfo.o)
                0x0800abb6                std::type_info::~type_info()
                0x0800abb6                std::type_info::~type_info()
 .text._ZNKSt9type_info14__is_pointer_pEv
                0x0800abb8        0x4 C:/ST/STM32CubeIDE_1.13.2/STM32CubeIDE/plugins/com.st.stm32cube.ide.mcu.externaltools.gnu-tools-for-stm32.13.3.rel1.win32_1.0.0.202411081344/tools/bin/../lib/gcc/arm-none-eabi/13.3.1/../../../../arm-none-eabi/lib/thumb/v8-m.main+fp/hard\libstdc++_nano.a(tinfo.o)
                0x0800abb8                std::type_info::__is_pointer_p() const
                0x0800abb8                std::type_info::__is_function_p() const
 .text._ZNKSt9type_infoeqERKS_
                0x0800abbc       0x2c C:/ST/STM32CubeIDE_1.13.2/STM32CubeIDE/plugins/com.st.stm32cube.ide.mcu.externaltools.gnu-tools-for-stm32.13.3.rel1.win32_1.0.0.202411081344/tools/bin/../lib/gcc/arm-none-eabi/13.3.1/../../../../arm-none-eabi/lib/thumb/v8-m.main+fp/hard\libstdc++_nano.a(tinfo.o)
                0x0800abbc                std::type_info::operator==(std::type_info const&) const
                0x0800abbc                std::type_info::__equal(std::type_info const&) const
 .text._ZdlPv   0x0800abe8        0x4 C:/ST/STM32CubeIDE_1.13.2/STM32CubeIDE/plugins/com.st.stm32cube.ide.mcu.externaltools.gnu-tools-for-stm32.13.3.rel1.win32_1.0.0.202411081344/tools/bin/../lib/gcc/arm-none-eabi/13.3.1/../../../../arm-none-eabi/lib/thumb/v8-m.main+fp/hard\libstdc++_nano.a(del_op.o)
                0x0800abe8                operator delete(void*)
 .text.free     0x0800abec       0x10 C:/ST/STM32CubeIDE_1.13.2/STM32CubeIDE/plugins/com.st.stm32cube.ide.mcu.externaltools.gnu-tools-for-stm32.13.3.rel1.win32_1.0.0.202411081344/tools/bin/../lib/gcc/arm-none-eabi/13.3.1/../../../../arm-none-eabi/lib/thumb/v8-m.main+fp/hard\libc_nano.a(libc_a-malloc.o)
                0x0800abec                free
 .text.__malloc_lock
                0x0800abfc        0xc C:/ST/STM32CubeIDE_1.13.2/STM32CubeIDE/plugins/com.st.stm32cube.ide.mcu.externaltools.gnu-tools-for-stm32.13.3.rel1.win32_1.0.0.202411081344/tools/bin/../lib/gcc/arm-none-eabi/13.3.1/../../../../arm-none-eabi/lib/thumb/v8-m.main+fp/hard\libc_nano.a(libc_a-mlock.o)
                0x0800abfc                __malloc_lock
 .text.__malloc_unlock
                0x0800ac08        0xc C:/ST/STM32CubeIDE_1.13.2/STM32CubeIDE/plugins/com.st.stm32cube.ide.mcu.externaltools.gnu-tools-for-stm32.13.3.rel1.win32_1.0.0.202411081344/tools/bin/../lib/gcc/arm-none-eabi/13.3.1/../../../../arm-none-eabi/lib/thumb/v8-m.main+fp/hard\libc_nano.a(libc_a-mlock.o)
                0x0800ac08                __malloc_unlock
 .text.memset   0x0800ac14       0x10 C:/ST/STM32CubeIDE_1.13.2/STM32CubeIDE/plugins/com.st.stm32cube.ide.mcu.externaltools.gnu-tools-for-stm32.13.3.rel1.win32_1.0.0.202411081344/tools/bin/../lib/gcc/arm-none-eabi/13.3.1/../../../../arm-none-eabi/lib/thumb/v8-m.main+fp/hard\libc_nano.a(libc_a-memset.o)
                0x0800ac14                memset
 .text.__errno  0x0800ac24        0xc C:/ST/STM32CubeIDE_1.13.2/STM32CubeIDE/plugins/com.st.stm32cube.ide.mcu.externaltools.gnu-tools-for-stm32.13.3.rel1.win32_1.0.0.202411081344/tools/bin/../lib/gcc/arm-none-eabi/13.3.1/../../../../arm-none-eabi/lib/thumb/v8-m.main+fp/hard\libc_nano.a(libc_a-errno.o)
                0x0800ac24                __errno
 .text.__libc_init_array
                0x0800ac30       0x48 C:/ST/STM32CubeIDE_1.13.2/STM32CubeIDE/plugins/com.st.stm32cube.ide.mcu.externaltools.gnu-tools-for-stm32.13.3.rel1.win32_1.0.0.202411081344/tools/bin/../lib/gcc/arm-none-eabi/13.3.1/../../../../arm-none-eabi/lib/thumb/v8-m.main+fp/hard\libc_nano.a(libc_a-init.o)
                0x0800ac30                __libc_init_array
 .text.__retarget_lock_acquire_recursive
                0x0800ac78        0x2 C:/ST/STM32CubeIDE_1.13.2/STM32CubeIDE/plugins/com.st.stm32cube.ide.mcu.externaltools.gnu-tools-for-stm32.13.3.rel1.win32_1.0.0.202411081344/tools/bin/../lib/gcc/arm-none-eabi/13.3.1/../../../../arm-none-eabi/lib/thumb/v8-m.main+fp/hard\libc_nano.a(libc_a-lock.o)
                0x0800ac78                __retarget_lock_acquire_recursive
 .text.__retarget_lock_release_recursive
                0x0800ac7a        0x2 C:/ST/STM32CubeIDE_1.13.2/STM32CubeIDE/plugins/com.st.stm32cube.ide.mcu.externaltools.gnu-tools-for-stm32.13.3.rel1.win32_1.0.0.202411081344/tools/bin/../lib/gcc/arm-none-eabi/13.3.1/../../../../arm-none-eabi/lib/thumb/v8-m.main+fp/hard\libc_nano.a(libc_a-lock.o)
                0x0800ac7a                __retarget_lock_release_recursive
 .text.memcpy   0x0800ac7c       0x1a C:/ST/STM32CubeIDE_1.13.2/STM32CubeIDE/plugins/com.st.stm32cube.ide.mcu.externaltools.gnu-tools-for-stm32.13.3.rel1.win32_1.0.0.202411081344/tools/bin/../lib/gcc/arm-none-eabi/13.3.1/../../../../arm-none-eabi/lib/thumb/v8-m.main+fp/hard\libc_nano.a(libc_a-memcpy-stub.o)
                0x0800ac7c                memcpy
 *fill*         0x0800ac96        0x2 
 .text._free_r  0x0800ac98       0x94 C:/ST/STM32CubeIDE_1.13.2/STM32CubeIDE/plugins/com.st.stm32cube.ide.mcu.externaltools.gnu-tools-for-stm32.13.3.rel1.win32_1.0.0.202411081344/tools/bin/../lib/gcc/arm-none-eabi/13.3.1/../../../../arm-none-eabi/lib/thumb/v8-m.main+fp/hard\libc_nano.a(libc_a-freer.o)
                0x0800ac98                _free_r
 .text.abort    0x0800ad2c        0xe C:/ST/STM32CubeIDE_1.13.2/STM32CubeIDE/plugins/com.st.stm32cube.ide.mcu.externaltools.gnu-tools-for-stm32.13.3.rel1.win32_1.0.0.202411081344/tools/bin/../lib/gcc/arm-none-eabi/13.3.1/../../../../arm-none-eabi/lib/thumb/v8-m.main+fp/hard\libc_nano.a(libc_a-abort.o)
                0x0800ad2c                abort
 .text._raise_r
                0x0800ad3a       0x50 C:/ST/STM32CubeIDE_1.13.2/STM32CubeIDE/plugins/com.st.stm32cube.ide.mcu.externaltools.gnu-tools-for-stm32.13.3.rel1.win32_1.0.0.202411081344/tools/bin/../lib/gcc/arm-none-eabi/13.3.1/../../../../arm-none-eabi/lib/thumb/v8-m.main+fp/hard\libc_nano.a(libc_a-signal.o)
                0x0800ad3a                _raise_r
 *fill*         0x0800ad8a        0x2 
 .text.raise    0x0800ad8c       0x10 C:/ST/STM32CubeIDE_1.13.2/STM32CubeIDE/plugins/com.st.stm32cube.ide.mcu.externaltools.gnu-tools-for-stm32.13.3.rel1.win32_1.0.0.202411081344/tools/bin/../lib/gcc/arm-none-eabi/13.3.1/../../../../arm-none-eabi/lib/thumb/v8-m.main+fp/hard\libc_nano.a(libc_a-signal.o)
                0x0800ad8c                raise
 .text._kill_r  0x0800ad9c       0x24 C:/ST/STM32CubeIDE_1.13.2/STM32CubeIDE/plugins/com.st.stm32cube.ide.mcu.externaltools.gnu-tools-for-stm32.13.3.rel1.win32_1.0.0.202411081344/tools/bin/../lib/gcc/arm-none-eabi/13.3.1/../../../../arm-none-eabi/lib/thumb/v8-m.main+fp/hard\libc_nano.a(libc_a-signalr.o)
                0x0800ad9c                _kill_r
 .text._getpid_r
                0x0800adc0        0x4 C:/ST/STM32CubeIDE_1.13.2/STM32CubeIDE/plugins/com.st.stm32cube.ide.mcu.externaltools.gnu-tools-for-stm32.13.3.rel1.win32_1.0.0.202411081344/tools/bin/../lib/gcc/arm-none-eabi/13.3.1/../../../../arm-none-eabi/lib/thumb/v8-m.main+fp/hard\libc_nano.a(libc_a-signalr.o)
                0x0800adc0                _getpid_r
 *(.glue_7)
 .glue_7        0x0800adc4        0x0 linker stubs
 *(.glue_7t)
 .glue_7t       0x0800adc4        0x0 linker stubs
 *(.eh_frame)
 .eh_frame      0x0800adc4        0x0 C:/ST/STM32CubeIDE_1.13.2/STM32CubeIDE/plugins/com.st.stm32cube.ide.mcu.externaltools.gnu-tools-for-stm32.13.3.rel1.win32_1.0.0.202411081344/tools/bin/../lib/gcc/arm-none-eabi/13.3.1/thumb/v8-m.main+fp/hard/crtbegin.o
 *(.init)
 .init          0x0800adc4        0x4 C:/ST/STM32CubeIDE_1.13.2/STM32CubeIDE/plugins/com.st.stm32cube.ide.mcu.externaltools.gnu-tools-for-stm32.13.3.rel1.win32_1.0.0.202411081344/tools/bin/../lib/gcc/arm-none-eabi/13.3.1/thumb/v8-m.main+fp/hard/crti.o
                0x0800adc4                _init
 .init          0x0800adc8        0x8 C:/ST/STM32CubeIDE_1.13.2/STM32CubeIDE/plugins/com.st.stm32cube.ide.mcu.externaltools.gnu-tools-for-stm32.13.3.rel1.win32_1.0.0.202411081344/tools/bin/../lib/gcc/arm-none-eabi/13.3.1/thumb/v8-m.main+fp/hard/crtn.o
 *(.fini)
 .fini          0x0800add0        0x4 C:/ST/STM32CubeIDE_1.13.2/STM32CubeIDE/plugins/com.st.stm32cube.ide.mcu.externaltools.gnu-tools-for-stm32.13.3.rel1.win32_1.0.0.202411081344/tools/bin/../lib/gcc/arm-none-eabi/13.3.1/thumb/v8-m.main+fp/hard/crti.o
                0x0800add0                _fini
 .fini          0x0800add4        0x8 C:/ST/STM32CubeIDE_1.13.2/STM32CubeIDE/plugins/com.st.stm32cube.ide.mcu.externaltools.gnu-tools-for-stm32.13.3.rel1.win32_1.0.0.202411081344/tools/bin/../lib/gcc/arm-none-eabi/13.3.1/thumb/v8-m.main+fp/hard/crtn.o
                0x0800addc                        . = ALIGN (0x4)
                0x0800addc                        _etext = .

.vfp11_veneer   0x0800addc        0x0
 .vfp11_veneer  0x0800addc        0x0 linker stubs

.v4_bx          0x0800addc        0x0
 .v4_bx         0x0800addc        0x0 linker stubs

.iplt           0x0800addc        0x0
 .iplt          0x0800addc        0x0 C:/ST/STM32CubeIDE_1.13.2/STM32CubeIDE/plugins/com.st.stm32cube.ide.mcu.externaltools.gnu-tools-for-stm32.13.3.rel1.win32_1.0.0.202411081344/tools/bin/../lib/gcc/arm-none-eabi/13.3.1/thumb/v8-m.main+fp/hard/crtbegin.o

.rodata         0x0800addc      0x18c
                0x0800addc                        . = ALIGN (0x4)
 *(.rodata)
 .rodata        0x0800addc        0xf C:\Users\79099\STM32CubeIDE\workspace_1.13.2\device_lib\Debug\libdevice_lib.a(.)
 *fill*         0x0800adeb        0x1 
 .rodata        0x0800adec       0x39 C:\Users\79099\STM32CubeIDE\workspace_1.13.2\device_lib\Debug\libdevice_lib.a(.)
                0x0800adec                vtable for VDevice
                0x0800ae14                typeinfo for VDevice
                0x0800ae1c                typeinfo name for VDevice
 *fill*         0x0800ae25        0x3 
 .rodata        0x0800ae28       0x4b C:\Users\79099\STM32CubeIDE\workspace_1.13.2\device_lib\Debug\libdevice_lib.a(./src/device_relay.o)
                0x0800ae30                vtable for VDeviceRelay
                0x0800ae58                typeinfo for VDeviceRelay
                0x0800ae64                typeinfo name for VDeviceRelay
 *(.rodata*)
 *fill*         0x0800ae73        0x1 
 .rodata.AHBPrescTable
                0x0800ae74       0x10 ./Core/Src/system_stm32h5xx.o
                0x0800ae74                AHBPrescTable
 .rodata.DLCtoBytes
                0x0800ae84       0x10 ./Drivers/STM32H5xx_HAL_Driver/Src/stm32h5xx_hal_fdcan.o
 .rodata._ZTSN10__cxxabiv117__class_type_infoE
                0x0800ae94       0x22 C:/ST/STM32CubeIDE_1.13.2/STM32CubeIDE/plugins/com.st.stm32cube.ide.mcu.externaltools.gnu-tools-for-stm32.13.3.rel1.win32_1.0.0.202411081344/tools/bin/../lib/gcc/arm-none-eabi/13.3.1/../../../../arm-none-eabi/lib/thumb/v8-m.main+fp/hard\libstdc++_nano.a(class_type_info.o)
                0x0800ae94                typeinfo name for __cxxabiv1::__class_type_info
 *fill*         0x0800aeb6        0x2 
 .rodata._ZTIN10__cxxabiv117__class_type_infoE
                0x0800aeb8        0xc C:/ST/STM32CubeIDE_1.13.2/STM32CubeIDE/plugins/com.st.stm32cube.ide.mcu.externaltools.gnu-tools-for-stm32.13.3.rel1.win32_1.0.0.202411081344/tools/bin/../lib/gcc/arm-none-eabi/13.3.1/../../../../arm-none-eabi/lib/thumb/v8-m.main+fp/hard\libstdc++_nano.a(class_type_info.o)
                0x0800aeb8                typeinfo for __cxxabiv1::__class_type_info
 .rodata._ZTVN10__cxxabiv117__class_type_infoE
                0x0800aec4       0x2c C:/ST/STM32CubeIDE_1.13.2/STM32CubeIDE/plugins/com.st.stm32cube.ide.mcu.externaltools.gnu-tools-for-stm32.13.3.rel1.win32_1.0.0.202411081344/tools/bin/../lib/gcc/arm-none-eabi/13.3.1/../../../../arm-none-eabi/lib/thumb/v8-m.main+fp/hard\libstdc++_nano.a(class_type_info.o)
                0x0800aec4                vtable for __cxxabiv1::__class_type_info
 .rodata._ZTSN10__cxxabiv120__si_class_type_infoE
                0x0800aef0       0x25 C:/ST/STM32CubeIDE_1.13.2/STM32CubeIDE/plugins/com.st.stm32cube.ide.mcu.externaltools.gnu-tools-for-stm32.13.3.rel1.win32_1.0.0.202411081344/tools/bin/../lib/gcc/arm-none-eabi/13.3.1/../../../../arm-none-eabi/lib/thumb/v8-m.main+fp/hard\libstdc++_nano.a(si_class_type_info.o)
                0x0800aef0                typeinfo name for __cxxabiv1::__si_class_type_info
 *fill*         0x0800af15        0x3 
 .rodata._ZTIN10__cxxabiv120__si_class_type_infoE
                0x0800af18        0xc C:/ST/STM32CubeIDE_1.13.2/STM32CubeIDE/plugins/com.st.stm32cube.ide.mcu.externaltools.gnu-tools-for-stm32.13.3.rel1.win32_1.0.0.202411081344/tools/bin/../lib/gcc/arm-none-eabi/13.3.1/../../../../arm-none-eabi/lib/thumb/v8-m.main+fp/hard\libstdc++_nano.a(si_class_type_info.o)
                0x0800af18                typeinfo for __cxxabiv1::__si_class_type_info
 .rodata._ZTVN10__cxxabiv120__si_class_type_infoE
                0x0800af24       0x2c C:/ST/STM32CubeIDE_1.13.2/STM32CubeIDE/plugins/com.st.stm32cube.ide.mcu.externaltools.gnu-tools-for-stm32.13.3.rel1.win32_1.0.0.202411081344/tools/bin/../lib/gcc/arm-none-eabi/13.3.1/../../../../arm-none-eabi/lib/thumb/v8-m.main+fp/hard\libstdc++_nano.a(si_class_type_info.o)
                0x0800af24                vtable for __cxxabiv1::__si_class_type_info
 .rodata._ZTSSt9type_info
                0x0800af50        0xd C:/ST/STM32CubeIDE_1.13.2/STM32CubeIDE/plugins/com.st.stm32cube.ide.mcu.externaltools.gnu-tools-for-stm32.13.3.rel1.win32_1.0.0.202411081344/tools/bin/../lib/gcc/arm-none-eabi/13.3.1/../../../../arm-none-eabi/lib/thumb/v8-m.main+fp/hard\libstdc++_nano.a(tinfo.o)
                0x0800af50                typeinfo name for std::type_info
 *fill*         0x0800af5d        0x3 
 .rodata._ZTISt9type_info
                0x0800af60        0x8 C:/ST/STM32CubeIDE_1.13.2/STM32CubeIDE/plugins/com.st.stm32cube.ide.mcu.externaltools.gnu-tools-for-stm32.13.3.rel1.win32_1.0.0.202411081344/tools/bin/../lib/gcc/arm-none-eabi/13.3.1/../../../../arm-none-eabi/lib/thumb/v8-m.main+fp/hard\libstdc++_nano.a(tinfo.o)
                0x0800af60                typeinfo for std::type_info
                0x0800af68                        . = ALIGN (0x4)

.ARM.extab      0x0800af68       0x84
                0x0800af68                        . = ALIGN (0x4)
 *(.ARM.extab* .gnu.linkonce.armextab.*)
 .ARM.extab.text._ZN7VDevice5GetDTEv
                0x0800af68        0x0 C:\Users\79099\STM32CubeIDE\workspace_1.13.2\device_lib\Debug\libdevice_lib.a(.)
 .ARM.extab     0x0800af68       0x6c C:\Users\79099\STM32CubeIDE\workspace_1.13.2\device_lib\Debug\libdevice_lib.a(./src/device_relay.o)
 .ARM.extab     0x0800afd4       0x18 C:/ST/STM32CubeIDE_1.13.2/STM32CubeIDE/plugins/com.st.stm32cube.ide.mcu.externaltools.gnu-tools-for-stm32.13.3.rel1.win32_1.0.0.202411081344/tools/bin/../lib/gcc/arm-none-eabi/13.3.1/thumb/v8-m.main+fp/hard\libgcc.a(pr-support.o)
                0x0800afec                        . = ALIGN (0x4)

.ARM            0x0800afec      0x108
                0x0800afec                        . = ALIGN (0x4)
                0x0800afec                        __exidx_start = .
 *(.ARM.exidx*)
 .ARM.exidx     0x0800afec        0x8 C:\Users\79099\STM32CubeIDE\workspace_1.13.2\device_lib\Debug\libdevice_lib.a(.)
                                 0x48 (size before relaxing)
 .ARM.exidx     0x0800aff4       0x50 C:\Users\79099\STM32CubeIDE\workspace_1.13.2\device_lib\Debug\libdevice_lib.a(./src/device_relay.o)
                                 0x48 (size before relaxing)
 .ARM.exidx     0x0800b044        0x0 C:/ST/STM32CubeIDE_1.13.2/STM32CubeIDE/plugins/com.st.stm32cube.ide.mcu.externaltools.gnu-tools-for-stm32.13.3.rel1.win32_1.0.0.202411081344/tools/bin/../lib/gcc/arm-none-eabi/13.3.1/../../../../arm-none-eabi/lib/thumb/v8-m.main+fp/hard\libc_nano.a(libc_a-strcmp.o)
                                  0x8 (size before relaxing)
 .ARM.exidx     0x0800b044       0x78 C:/ST/STM32CubeIDE_1.13.2/STM32CubeIDE/plugins/com.st.stm32cube.ide.mcu.externaltools.gnu-tools-for-stm32.13.3.rel1.win32_1.0.0.202411081344/tools/bin/../lib/gcc/arm-none-eabi/13.3.1/thumb/v8-m.main+fp/hard\libgcc.a(unwind-arm.o)
                                 0xd8 (size before relaxing)
 .ARM.exidx     0x0800b0bc       0x38 C:/ST/STM32CubeIDE_1.13.2/STM32CubeIDE/plugins/com.st.stm32cube.ide.mcu.externaltools.gnu-tools-for-stm32.13.3.rel1.win32_1.0.0.202411081344/tools/bin/../lib/gcc/arm-none-eabi/13.3.1/thumb/v8-m.main+fp/hard\libgcc.a(pr-support.o)
 .ARM.exidx.text._ZN7VDevice5GetDTEv
                0x0800b0f4        0x0 C:\Users\79099\STM32CubeIDE\workspace_1.13.2\device_lib\Debug\libdevice_lib.a(.)
                                  0x8 (size before relaxing)
                0x0800b0f4                        __exidx_end = .
                0x0800b0f4                        . = ALIGN (0x4)

.preinit_array  0x0800b0f4        0x0
                0x0800b0f4                        . = ALIGN (0x4)
                0x0800b0f4                        PROVIDE (__preinit_array_start = .)
 *(.preinit_array*)
                0x0800b0f4                        PROVIDE (__preinit_array_end = .)
                0x0800b0f4                        . = ALIGN (0x4)

.init_array     0x0800b0f4        0x8
                0x0800b0f4                        . = ALIGN (0x4)
                0x0800b0f4                        PROVIDE (__init_array_start = .)
 *(SORT_BY_NAME(.init_array.*))
 *(.init_array*)
 .init_array    0x0800b0f4        0x4 C:/ST/STM32CubeIDE_1.13.2/STM32CubeIDE/plugins/com.st.stm32cube.ide.mcu.externaltools.gnu-tools-for-stm32.13.3.rel1.win32_1.0.0.202411081344/tools/bin/../lib/gcc/arm-none-eabi/13.3.1/thumb/v8-m.main+fp/hard/crtbegin.o
 .init_array    0x0800b0f8        0x4 ./Core/Src/app.o
                0x0800b0fc                        PROVIDE (__init_array_end = .)
                0x0800b0fc                        . = ALIGN (0x4)

.fini_array     0x0800b0fc        0x4
                0x0800b0fc                        . = ALIGN (0x4)
                [!provide]                        PROVIDE (__fini_array_start = .)
 *(SORT_BY_NAME(.fini_array.*))
 *(.fini_array*)
 .fini_array    0x0800b0fc        0x4 C:/ST/STM32CubeIDE_1.13.2/STM32CubeIDE/plugins/com.st.stm32cube.ide.mcu.externaltools.gnu-tools-for-stm32.13.3.rel1.win32_1.0.0.202411081344/tools/bin/../lib/gcc/arm-none-eabi/13.3.1/thumb/v8-m.main+fp/hard/crtbegin.o
                [!provide]                        PROVIDE (__fini_array_end = .)
                0x0800b100                        . = ALIGN (0x4)

.rel.dyn        0x0800b100        0x0
 .rel.iplt      0x0800b100        0x0 C:/ST/STM32CubeIDE_1.13.2/STM32CubeIDE/plugins/com.st.stm32cube.ide.mcu.externaltools.gnu-tools-for-stm32.13.3.rel1.win32_1.0.0.202411081344/tools/bin/../lib/gcc/arm-none-eabi/13.3.1/thumb/v8-m.main+fp/hard/crtbegin.o

.mku_cfg        0x0807e000     0x2000
                0x0807e000                        . = ALIGN (0x4)
                0x0807e000                        _mku_cfg_start = .
                0x08080000                        . = (. + 0x2000)
 *fill*         0x0807e000     0x2000 
                0x08080000                        . = ALIGN (0x4)
                0x08080000                        _mku_cfg_end = .
                0x0800b100                        _sidata = LOADADDR (.data)

.data           0x20000000      0x478 load address 0x0800b100
                0x20000000                        . = ALIGN (0x4)
                0x20000000                        _sdata = .
 *(.data)
 .data          0x20000000      0x400 C:\Users\79099\STM32CubeIDE\workspace_1.13.2\device_lib\Debug\libdevice_lib.a(.)
                0x20000000                crc32_tab
 *(.data*)
 .data.SystemCoreClock
                0x20000400        0x4 ./Core/Src/system_stm32h5xx.o
                0x20000400                SystemCoreClock
 .data.uwTickPrio
                0x20000404        0x4 ./Drivers/STM32H5xx_HAL_Driver/Src/stm32h5xx_hal.o
                0x20000404                uwTickPrio
 .data.uwTickFreq
                0x20000408        0x1 ./Drivers/STM32H5xx_HAL_Driver/Src/stm32h5xx_hal.o
                0x20000408                uwTickFreq
 *fill*         0x20000409        0x3 
 .data.pFlash   0x2000040c       0x1c ./Drivers/STM32H5xx_HAL_Driver/Src/stm32h5xx_hal_flash.o
                0x2000040c                pFlash
 .data._impure_ptr
                0x20000428        0x4 C:/ST/STM32CubeIDE_1.13.2/STM32CubeIDE/plugins/com.st.stm32cube.ide.mcu.externaltools.gnu-tools-for-stm32.13.3.rel1.win32_1.0.0.202411081344/tools/bin/../lib/gcc/arm-none-eabi/13.3.1/../../../../arm-none-eabi/lib/thumb/v8-m.main+fp/hard\libc_nano.a(libc_a-impure.o)
                0x20000428                _impure_ptr
 .data._impure_data
                0x2000042c       0x4c C:/ST/STM32CubeIDE_1.13.2/STM32CubeIDE/plugins/com.st.stm32cube.ide.mcu.externaltools.gnu-tools-for-stm32.13.3.rel1.win32_1.0.0.202411081344/tools/bin/../lib/gcc/arm-none-eabi/13.3.1/../../../../arm-none-eabi/lib/thumb/v8-m.main+fp/hard\libc_nano.a(libc_a-impure.o)
                0x2000042c                _impure_data
 *(.RamFunc)
 *(.RamFunc*)
                0x20000478                        . = ALIGN (0x4)
                0x20000478                        _edata = .

.igot.plt       0x20000478        0x0 load address 0x0800b578
 .igot.plt      0x20000478        0x0 C:/ST/STM32CubeIDE_1.13.2/STM32CubeIDE/plugins/com.st.stm32cube.ide.mcu.externaltools.gnu-tools-for-stm32.13.3.rel1.win32_1.0.0.202411081344/tools/bin/../lib/gcc/arm-none-eabi/13.3.1/thumb/v8-m.main+fp/hard/crtbegin.o
                0x20000478                        . = ALIGN (0x4)

.bss            0x20000478     0x3e88 load address 0x0800b578
                0x20000478                        _sbss = .
                0x20000478                        __bss_start__ = _sbss
 *(.bss)
 .bss           0x20000478       0x1c C:/ST/STM32CubeIDE_1.13.2/STM32CubeIDE/plugins/com.st.stm32cube.ide.mcu.externaltools.gnu-tools-for-stm32.13.3.rel1.win32_1.0.0.202411081344/tools/bin/../lib/gcc/arm-none-eabi/13.3.1/thumb/v8-m.main+fp/hard/crtbegin.o
 .bss           0x20000494      0x6dc C:\Users\79099\STM32CubeIDE\workspace_1.13.2\device_lib\Debug\libdevice_lib.a(.)
                0x20000494                isMaster
                0x20000495                nDevs
                0x20000498                BoardDevicesList
                0x200004d8                ListenerDevicesList
                0x20000518                isListener
                0x20000519                ListenerDevNum
                0x2000051a                isCanActive
                0x2000051b                send_delay
                0x2000051c                BufSendMsgObj
                0x20000b5c                IndexSendMsgObj
                0x20000b5d                IndexSaveMsgObj
                0x20000b64                CanStopSend
                0x20000b65                CanStopRetranslate
                0x20000b68                SavedCfgptr
                0x20000b6c                LocalCfgptr
 *(.bss*)
 .bss.MCU_KR_ADC_VAL
                0x20000b70        0x2 ./Core/Src/adc.o
                0x20000b70                MCU_KR_ADC_VAL
 *fill*         0x20000b72        0x2 
 .bss.adc_sma_buf
                0x20000b74      0x100 ./Core/Src/adc.o
 .bss.adc_sma_sum
                0x20000c74        0x4 ./Core/Src/adc.o
 .bss.adc_sma_fill
                0x20000c78        0x2 ./Core/Src/adc.o
 .bss.adc_sma_idx
                0x20000c7a        0x2 ./Core/Src/adc.o
 .bss.u24_adc_filtered
                0x20000c7c        0x2 ./Core/Src/adc.o
 *fill*         0x20000c7e        0x2 
 .bss._ZL5g_cfg
                0x20000c80      0x964 ./Core/Src/app.o
 .bss._ZL11g_saved_cfg
                0x200015e4      0x964 ./Core/Src/app.o
 .bss._ZL8g_relay1
                0x20001f48       0x38 ./Core/Src/app.o
 .bss._ZL8g_relay2
                0x20001f80       0x38 ./Core/Src/app.o
 .bss._ZL11can_rx_ring
                0x20001fb8     0x1000 ./Core/Src/app.o
 .bss._ZL11can_rx_head
                0x20002fb8        0x1 ./Core/Src/app.o
 .bss._ZL11can_rx_tail
                0x20002fb9        0x1 ./Core/Src/app.o
 .bss.CAN1_Active
                0x20002fba        0x1 ./Core/Src/app.o
                0x20002fba                CAN1_Active
 .bss.CAN2_Active
                0x20002fbb        0x1 ./Core/Src/app.o
                0x20002fbb                CAN2_Active
 .bss._ZL17can1_last_rx_tick
                0x20002fbc        0x4 ./Core/Src/app.o
 .bss._ZL17can2_last_rx_tick
                0x20002fc0        0x4 ./Core/Src/app.o
 .bss._ZZ12App_Timer1msE7led_cnt
                0x20002fc4        0x2 ./Core/Src/app.o
 .bss._ZZ12App_Timer1msE10status_cnt
                0x20002fc6        0x2 ./Core/Src/app.o
 .bss.hadc1     0x20002fc8       0x68 ./Core/Src/main.o
                0x20002fc8                hadc1
 .bss.Node_GPDMA1_Channel0
                0x20003030       0x24 ./Core/Src/main.o
                0x20003030                Node_GPDMA1_Channel0
 .bss.List_GPDMA1_Channel0
                0x20003054       0x18 ./Core/Src/main.o
                0x20003054                List_GPDMA1_Channel0
 .bss.handle_GPDMA1_Channel0
                0x2000306c       0x78 ./Core/Src/main.o
                0x2000306c                handle_GPDMA1_Channel0
 .bss.hfdcan1   0x200030e4       0x64 ./Core/Src/main.o
                0x200030e4                hfdcan1
 .bss.hfdcan2   0x20003148       0x64 ./Core/Src/main.o
                0x20003148                hfdcan2
 .bss.can_tx_ring
                0x200031ac     0x1000 ./Core/Src/main.o
 .bss.can_tx_head
                0x200041ac        0x1 ./Core/Src/main.o
 .bss.can_tx_tail
                0x200041ad        0x1 ./Core/Src/main.o
 *fill*         0x200041ae        0x2 
 .bss.last_tick.0
                0x200041b0        0x4 ./Core/Src/main.o
 .bss.HAL_RCC_FDCAN_CLK_ENABLED
                0x200041b4        0x4 ./Core/Src/stm32h5xx_hal_msp.o
 .bss.uwTick    0x200041b8        0x4 ./Drivers/STM32H5xx_HAL_Driver/Src/stm32h5xx_hal.o
                0x200041b8                uwTick
 .bss.__malloc_free_list
                0x200041bc        0x4 C:/ST/STM32CubeIDE_1.13.2/STM32CubeIDE/plugins/com.st.stm32cube.ide.mcu.externaltools.gnu-tools-for-stm32.13.3.rel1.win32_1.0.0.202411081344/tools/bin/../lib/gcc/arm-none-eabi/13.3.1/../../../../arm-none-eabi/lib/thumb/v8-m.main+fp/hard\libc_nano.a(libc_a-mallocr.o)
                0x200041bc                __malloc_free_list
 .bss.__sf      0x200041c0      0x138 C:/ST/STM32CubeIDE_1.13.2/STM32CubeIDE/plugins/com.st.stm32cube.ide.mcu.externaltools.gnu-tools-for-stm32.13.3.rel1.win32_1.0.0.202411081344/tools/bin/../lib/gcc/arm-none-eabi/13.3.1/../../../../arm-none-eabi/lib/thumb/v8-m.main+fp/hard\libc_nano.a(libc_a-findfp.o)
                0x200041c0                __sf
 .bss.errno     0x200042f8        0x4 C:/ST/STM32CubeIDE_1.13.2/STM32CubeIDE/plugins/com.st.stm32cube.ide.mcu.externaltools.gnu-tools-for-stm32.13.3.rel1.win32_1.0.0.202411081344/tools/bin/../lib/gcc/arm-none-eabi/13.3.1/../../../../arm-none-eabi/lib/thumb/v8-m.main+fp/hard\libc_nano.a(libc_a-reent.o)
                0x200042f8                errno
 .bss.__lock___malloc_recursive_mutex
                0x200042fc        0x1 C:/ST/STM32CubeIDE_1.13.2/STM32CubeIDE/plugins/com.st.stm32cube.ide.mcu.externaltools.gnu-tools-for-stm32.13.3.rel1.win32_1.0.0.202411081344/tools/bin/../lib/gcc/arm-none-eabi/13.3.1/../../../../arm-none-eabi/lib/thumb/v8-m.main+fp/hard\libc_nano.a(libc_a-lock.o)
                0x200042fc                __lock___malloc_recursive_mutex
 *(COMMON)
                0x20004300                        . = ALIGN (0x4)
 *fill*         0x200042fd        0x3 
                0x20004300                        _ebss = .
                0x20004300                        __bss_end__ = _ebss

._user_heap_stack
                0x20004300      0x600 load address 0x0800b578
                0x20004300                        . = ALIGN (0x8)
                [!provide]                        PROVIDE (end = .)
                0x20004300                        PROVIDE (_end = .)
                0x20004500                        . = (. + _Min_Heap_Size)
 *fill*         0x20004300      0x200 
                0x20004900                        . = (. + _Min_Stack_Size)
 *fill*         0x20004500      0x400 
                0x20004900                        . = ALIGN (0x8)

/DISCARD/
 libc.a(*)
 libm.a(*)
 libgcc.a(*)

.ARM.attributes
                0x00000000       0x36
 *(.ARM.attributes)
 .ARM.attributes
                0x00000000       0x26 C:/ST/STM32CubeIDE_1.13.2/STM32CubeIDE/plugins/com.st.stm32cube.ide.mcu.externaltools.gnu-tools-for-stm32.13.3.rel1.win32_1.0.0.202411081344/tools/bin/../lib/gcc/arm-none-eabi/13.3.1/thumb/v8-m.main+fp/hard/crti.o
 .ARM.attributes
                0x00000026       0x38 C:/ST/STM32CubeIDE_1.13.2/STM32CubeIDE/plugins/com.st.stm32cube.ide.mcu.externaltools.gnu-tools-for-stm32.13.3.rel1.win32_1.0.0.202411081344/tools/bin/../lib/gcc/arm-none-eabi/13.3.1/thumb/v8-m.main+fp/hard/crtbegin.o
 .ARM.attributes
                0x0000005e       0x3a ./Core/Src/adc.o
 .ARM.attributes
                0x00000098       0x3a ./Core/Src/app.o
 .ARM.attributes
                0x000000d2       0x3a ./Core/Src/main.o
 .ARM.attributes
                0x0000010c       0x3a ./Core/Src/stm32h5xx_hal_msp.o
 .ARM.attributes
                0x00000146       0x3a ./Core/Src/stm32h5xx_it.o
 .ARM.attributes
                0x00000180       0x3a ./Core/Src/system_stm32h5xx.o
 .ARM.attributes
                0x000001ba       0x24 ./Core/Startup/startup_stm32h523retx.o
 .ARM.attributes
                0x000001de       0x3a ./Drivers/STM32H5xx_HAL_Driver/Src/stm32h5xx_hal.o
 .ARM.attributes
                0x00000218       0x3a ./Drivers/STM32H5xx_HAL_Driver/Src/stm32h5xx_hal_adc.o
 .ARM.attributes
                0x00000252       0x3a ./Drivers/STM32H5xx_HAL_Driver/Src/stm32h5xx_hal_cortex.o
 .ARM.attributes
                0x0000028c       0x3a ./Drivers/STM32H5xx_HAL_Driver/Src/stm32h5xx_hal_dma.o
 .ARM.attributes
                0x000002c6       0x3a ./Drivers/STM32H5xx_HAL_Driver/Src/stm32h5xx_hal_dma_ex.o
 .ARM.attributes
                0x00000300       0x3a ./Drivers/STM32H5xx_HAL_Driver/Src/stm32h5xx_hal_fdcan.o
 .ARM.attributes
                0x0000033a       0x3a ./Drivers/STM32H5xx_HAL_Driver/Src/stm32h5xx_hal_flash.o
 .ARM.attributes
                0x00000374       0x3a ./Drivers/STM32H5xx_HAL_Driver/Src/stm32h5xx_hal_flash_ex.o
 .ARM.attributes
                0x000003ae       0x3a ./Drivers/STM32H5xx_HAL_Driver/Src/stm32h5xx_hal_gpio.o
 .ARM.attributes
                0x000003e8       0x3a ./Drivers/STM32H5xx_HAL_Driver/Src/stm32h5xx_hal_rcc.o
 .ARM.attributes
                0x00000422       0x3a ./Drivers/STM32H5xx_HAL_Driver/Src/stm32h5xx_hal_rcc_ex.o
 .ARM.attributes
                0x0000045c       0x3a C:\Users\79099\STM32CubeIDE\workspace_1.13.2\device_lib\Debug\libdevice_lib.a(.)
 .ARM.attributes
                0x00000496       0x3a C:\Users\79099\STM32CubeIDE\workspace_1.13.2\device_lib\Debug\libdevice_lib.a(.)
 .ARM.attributes
                0x000004d0       0x3a C:\Users\79099\STM32CubeIDE\workspace_1.13.2\device_lib\Debug\libdevice_lib.a(./src/device_relay.o)
 .ARM.attributes
                0x0000050a       0x3a C:\Users\79099\STM32CubeIDE\workspace_1.13.2\device_lib\Debug\libdevice_lib.a(.)
 .ARM.attributes
                0x00000544       0x38 C:/ST/STM32CubeIDE_1.13.2/STM32CubeIDE/plugins/com.st.stm32cube.ide.mcu.externaltools.gnu-tools-for-stm32.13.3.rel1.win32_1.0.0.202411081344/tools/bin/../lib/gcc/arm-none-eabi/13.3.1/../../../../arm-none-eabi/lib/thumb/v8-m.main+fp/hard\libstdc++_nano.a(class_type_info.o)
 .ARM.attributes
                0x0000057c       0x38 C:/ST/STM32CubeIDE_1.13.2/STM32CubeIDE/plugins/com.st.stm32cube.ide.mcu.externaltools.gnu-tools-for-stm32.13.3.rel1.win32_1.0.0.202411081344/tools/bin/../lib/gcc/arm-none-eabi/13.3.1/../../../../arm-none-eabi/lib/thumb/v8-m.main+fp/hard\libstdc++_nano.a(del_ops.o)
 .ARM.attributes
                0x000005b4       0x38 C:/ST/STM32CubeIDE_1.13.2/STM32CubeIDE/plugins/com.st.stm32cube.ide.mcu.externaltools.gnu-tools-for-stm32.13.3.rel1.win32_1.0.0.202411081344/tools/bin/../lib/gcc/arm-none-eabi/13.3.1/../../../../arm-none-eabi/lib/thumb/v8-m.main+fp/hard\libstdc++_nano.a(si_class_type_info.o)
 .ARM.attributes
                0x000005ec       0x38 C:/ST/STM32CubeIDE_1.13.2/STM32CubeIDE/plugins/com.st.stm32cube.ide.mcu.externaltools.gnu-tools-for-stm32.13.3.rel1.win32_1.0.0.202411081344/tools/bin/../lib/gcc/arm-none-eabi/13.3.1/../../../../arm-none-eabi/lib/thumb/v8-m.main+fp/hard\libstdc++_nano.a(tinfo.o)
 .ARM.attributes
                0x00000624       0x38 C:/ST/STM32CubeIDE_1.13.2/STM32CubeIDE/plugins/com.st.stm32cube.ide.mcu.externaltools.gnu-tools-for-stm32.13.3.rel1.win32_1.0.0.202411081344/tools/bin/../lib/gcc/arm-none-eabi/13.3.1/../../../../arm-none-eabi/lib/thumb/v8-m.main+fp/hard\libstdc++_nano.a(del_op.o)
 .ARM.attributes
                0x0000065c       0x38 C:/ST/STM32CubeIDE_1.13.2/STM32CubeIDE/plugins/com.st.stm32cube.ide.mcu.externaltools.gnu-tools-for-stm32.13.3.rel1.win32_1.0.0.202411081344/tools/bin/../lib/gcc/arm-none-eabi/13.3.1/../../../../arm-none-eabi/lib/thumb/v8-m.main+fp/hard\libc_nano.a(libc_a-malloc.o)
 .ARM.attributes
                0x00000694       0x38 C:/ST/STM32CubeIDE_1.13.2/STM32CubeIDE/plugins/com.st.stm32cube.ide.mcu.externaltools.gnu-tools-for-stm32.13.3.rel1.win32_1.0.0.202411081344/tools/bin/../lib/gcc/arm-none-eabi/13.3.1/../../../../arm-none-eabi/lib/thumb/v8-m.main+fp/hard\libc_nano.a(libc_a-mallocr.o)
 .ARM.attributes
                0x000006cc       0x38 C:/ST/STM32CubeIDE_1.13.2/STM32CubeIDE/plugins/com.st.stm32cube.ide.mcu.externaltools.gnu-tools-for-stm32.13.3.rel1.win32_1.0.0.202411081344/tools/bin/../lib/gcc/arm-none-eabi/13.3.1/../../../../arm-none-eabi/lib/thumb/v8-m.main+fp/hard\libc_nano.a(libc_a-mlock.o)
 .ARM.attributes
                0x00000704       0x38 C:/ST/STM32CubeIDE_1.13.2/STM32CubeIDE/plugins/com.st.stm32cube.ide.mcu.externaltools.gnu-tools-for-stm32.13.3.rel1.win32_1.0.0.202411081344/tools/bin/../lib/gcc/arm-none-eabi/13.3.1/../../../../arm-none-eabi/lib/thumb/v8-m.main+fp/hard\libc_nano.a(libc_a-findfp.o)
 .ARM.attributes
                0x0000073c       0x38 C:/ST/STM32CubeIDE_1.13.2/STM32CubeIDE/plugins/com.st.stm32cube.ide.mcu.externaltools.gnu-tools-for-stm32.13.3.rel1.win32_1.0.0.202411081344/tools/bin/../lib/gcc/arm-none-eabi/13.3.1/../../../../arm-none-eabi/lib/thumb/v8-m.main+fp/hard\libc_nano.a(libc_a-memset.o)
 .ARM.attributes
                0x00000774       0x38 C:/ST/STM32CubeIDE_1.13.2/STM32CubeIDE/plugins/com.st.stm32cube.ide.mcu.externaltools.gnu-tools-for-stm32.13.3.rel1.win32_1.0.0.202411081344/tools/bin/../lib/gcc/arm-none-eabi/13.3.1/../../../../arm-none-eabi/lib/thumb/v8-m.main+fp/hard\libc_nano.a(libc_a-reent.o)
 .ARM.attributes
                0x000007ac       0x38 C:/ST/STM32CubeIDE_1.13.2/STM32CubeIDE/plugins/com.st.stm32cube.ide.mcu.externaltools.gnu-tools-for-stm32.13.3.rel1.win32_1.0.0.202411081344/tools/bin/../lib/gcc/arm-none-eabi/13.3.1/../../../../arm-none-eabi/lib/thumb/v8-m.main+fp/hard\libc_nano.a(libc_a-impure.o)
 .ARM.attributes
                0x000007e4       0x38 C:/ST/STM32CubeIDE_1.13.2/STM32CubeIDE/plugins/com.st.stm32cube.ide.mcu.externaltools.gnu-tools-for-stm32.13.3.rel1.win32_1.0.0.202411081344/tools/bin/../lib/gcc/arm-none-eabi/13.3.1/../../../../arm-none-eabi/lib/thumb/v8-m.main+fp/hard\libc_nano.a(libc_a-errno.o)
 .ARM.attributes
                0x0000081c       0x38 C:/ST/STM32CubeIDE_1.13.2/STM32CubeIDE/plugins/com.st.stm32cube.ide.mcu.externaltools.gnu-tools-for-stm32.13.3.rel1.win32_1.0.0.202411081344/tools/bin/../lib/gcc/arm-none-eabi/13.3.1/../../../../arm-none-eabi/lib/thumb/v8-m.main+fp/hard\libc_nano.a(libc_a-init.o)
 .ARM.attributes
                0x00000854       0x38 C:/ST/STM32CubeIDE_1.13.2/STM32CubeIDE/plugins/com.st.stm32cube.ide.mcu.externaltools.gnu-tools-for-stm32.13.3.rel1.win32_1.0.0.202411081344/tools/bin/../lib/gcc/arm-none-eabi/13.3.1/../../../../arm-none-eabi/lib/thumb/v8-m.main+fp/hard\libc_nano.a(libc_a-lock.o)
 .ARM.attributes
                0x0000088c       0x24 C:/ST/STM32CubeIDE_1.13.2/STM32CubeIDE/plugins/com.st.stm32cube.ide.mcu.externaltools.gnu-tools-for-stm32.13.3.rel1.win32_1.0.0.202411081344/tools/bin/../lib/gcc/arm-none-eabi/13.3.1/../../../../arm-none-eabi/lib/thumb/v8-m.main+fp/hard\libc_nano.a(libc_a-strcmp.o)
 .ARM.attributes
                0x000008b0       0x38 C:/ST/STM32CubeIDE_1.13.2/STM32CubeIDE/plugins/com.st.stm32cube.ide.mcu.externaltools.gnu-tools-for-stm32.13.3.rel1.win32_1.0.0.202411081344/tools/bin/../lib/gcc/arm-none-eabi/13.3.1/../../../../arm-none-eabi/lib/thumb/v8-m.main+fp/hard\libc_nano.a(libc_a-memcpy-stub.o)
 .ARM.attributes
                0x000008e8       0x38 C:/ST/STM32CubeIDE_1.13.2/STM32CubeIDE/plugins/com.st.stm32cube.ide.mcu.externaltools.gnu-tools-for-stm32.13.3.rel1.win32_1.0.0.202411081344/tools/bin/../lib/gcc/arm-none-eabi/13.3.1/../../../../arm-none-eabi/lib/thumb/v8-m.main+fp/hard\libc_nano.a(libc_a-freer.o)
 .ARM.attributes
                0x00000920       0x38 C:/ST/STM32CubeIDE_1.13.2/STM32CubeIDE/plugins/com.st.stm32cube.ide.mcu.externaltools.gnu-tools-for-stm32.13.3.rel1.win32_1.0.0.202411081344/tools/bin/../lib/gcc/arm-none-eabi/13.3.1/thumb/v8-m.main+fp/hard\libgcc.a(unwind-arm.o)
 .ARM.attributes
                0x00000958       0x26 C:/ST/STM32CubeIDE_1.13.2/STM32CubeIDE/plugins/com.st.stm32cube.ide.mcu.externaltools.gnu-tools-for-stm32.13.3.rel1.win32_1.0.0.202411081344/tools/bin/../lib/gcc/arm-none-eabi/13.3.1/thumb/v8-m.main+fp/hard\libgcc.a(libunwind.o)
 .ARM.attributes
                0x0000097e       0x38 C:/ST/STM32CubeIDE_1.13.2/STM32CubeIDE/plugins/com.st.stm32cube.ide.mcu.externaltools.gnu-tools-for-stm32.13.3.rel1.win32_1.0.0.202411081344/tools/bin/../lib/gcc/arm-none-eabi/13.3.1/thumb/v8-m.main+fp/hard\libgcc.a(pr-support.o)
 .ARM.attributes
                0x000009b6       0x38 C:/ST/STM32CubeIDE_1.13.2/STM32CubeIDE/plugins/com.st.stm32cube.ide.mcu.externaltools.gnu-tools-for-stm32.13.3.rel1.win32_1.0.0.202411081344/tools/bin/../lib/gcc/arm-none-eabi/13.3.1/../../../../arm-none-eabi/lib/thumb/v8-m.main+fp/hard\libc_nano.a(libc_a-abort.o)
 .ARM.attributes
                0x000009ee       0x38 C:/ST/STM32CubeIDE_1.13.2/STM32CubeIDE/plugins/com.st.stm32cube.ide.mcu.externaltools.gnu-tools-for-stm32.13.3.rel1.win32_1.0.0.202411081344/tools/bin/../lib/gcc/arm-none-eabi/13.3.1/../../../../arm-none-eabi/lib/thumb/v8-m.main+fp/hard\libc_nano.a(libc_a-signal.o)
 .ARM.attributes