../Core/Src/main.c:71:13:FDCAN_StartAll	32	static
../Core/Src/main.c:103:6:USBSendData	16	static
../Core/Src/main.c:116:13:CanTxEnqueue	32	static
../Core/Src/main.c:130:6:App_CanTxProcess	56	static
../Core/Src/main.c:163:6:CANSendData	24	static
../Core/Src/main.c:170:6:HAL_FDCAN_RxFifo0Callback	72	static
../Core/Src/main.c:197:6:HAL_FDCAN_ErrorStatusCallback	64	static
../Core/Src/main.c:218:5:main	16	static
../Core/Src/main.c:278:6:SystemClock_Config	120	static
../Core/Src/main.c:335:13:MX_ADC1_Init	40	static
../Core/Src/main.c:394:13:MX_FDCAN1_Init	8	static
../Core/Src/main.c:437:13:MX_FDCAN2_Init	8	static
../Core/Src/main.c:480:13:MX_GPDMA1_Init	16	static
../Core/Src/main.c:508:13:MX_GPIO_Init	48	static
../Core/Src/main.c:560:6:Error_Handler	4	static,ignoring_inline_asm
